ARM Linker, 4.1 [Build 481] [Standard]

==============================================================================

Section Cross References

    main.o(i.Delay) refers to main.o(.data) for LocalTime
    main.o(i.InitTIM) refers to stm32f10x_rcc.o(i.RCC_APB1PeriphClockCmd) for RCC_APB1PeriphClockCmd
    main.o(i.InitTIM) refers to stm32f10x_tim.o(i.TIM_ARRPreloadConfig) for TIM_ARRPreloadConfig
    main.o(i.InitTIM) refers to misc.o(i.NVIC_PriorityGroupConfig) for NVIC_PriorityGroupConfig
    main.o(i.InitTIM) refers to misc.o(i.NVIC_Init) for NVIC_Init
    main.o(i.InitTIM) refers to stm32f10x_tim.o(i.TIM_ClearITPendingBit) for TIM_ClearITPendingBit
    main.o(i.InitTIM) refers to stm32f10x_tim.o(i.TIM_ITConfig) for TIM_ITConfig
    main.o(i.InitTIM) refers to stm32f10x_tim.o(i.TIM_Cmd) for TIM_Cmd
    main.o(i.InitTIM) refers to stm32f10x_tim.o(i.TIM_TimeBaseInit) for TIM_TimeBaseInit
    main.o(i.InitTIM) refers to stm32f10x_tim.o(i.TIM_SetCounter) for TIM_SetCounter
    main.o(i.TIM2_IRQHandler) refers to stm32f10x_tim.o(i.TIM_GetITStatus) for TIM_GetITStatus
    main.o(i.TIM2_IRQHandler) refers to stm32f10x_tim.o(i.TIM_ClearFlag) for TIM_ClearFlag
    main.o(i.TIM2_IRQHandler) refers to stm32f10x_tim.o(i.TIM_ClearITPendingBit) for TIM_ClearITPendingBit
    main.o(i.TIM2_IRQHandler) refers to main.o(.data) for LocalTime
    main.o(i.main) refers to stm32f107.o(i.System_Setup) for System_Setup
    main.o(i.main) refers to main.o(i.InitTIM) for InitTIM
    main.o(i.main) refers to filesystem.o(i.FileSystemInit) for FileSystemInit
    main.o(i.main) refers to filesystem.o(i.FileSystemThread) for FileSystemThread
    main.o(i.main) refers to netconf.o(i.LwIP_Init) for LwIP_Init
    main.o(i.main) refers to netbios.o(i.netbios_init) for netbios_init
    main.o(i.main) refers to tftpserver.o(i.tftpd_init) for tftpd_init
    main.o(i.main) refers to client_tcpudp.o(i.tcp_sever_test) for tcp_sever_test
    main.o(i.main) refers to httpd.o(i.httpd_init) for httpd_init
    main.o(i.main) refers to ds18b20srom.o(i.TemperatureThread) for TemperatureThread
    main.o(i.main) refers to client_tcpudp.o(i.TcpTestThread) for TcpTestThread
    main.o(i.main) refers to client_tcpudp.o(i.SendDataToSever) for SendDataToSever
    main.o(i.main) refers to client_tcpudp.o(i.UDPSendData) for UDPSendData
    main.o(i.main) refers to netconf.o(i.LwIP_Periodic_Handle) for LwIP_Periodic_Handle
    main.o(i.main) refers to main.o(.data) for LocalTime
    netconf.o(i.LwIP_Init) refers to mem.o(i.mem_init) for mem_init
    netconf.o(i.LwIP_Init) refers to memp.o(i.memp_init) for memp_init
    netconf.o(i.LwIP_Init) refers to ethernetif.o(i.Set_MAC_Address) for Set_MAC_Address
    netconf.o(i.LwIP_Init) refers to netif.o(i.netif_add) for netif_add
    netconf.o(i.LwIP_Init) refers to netif.o(i.netif_set_default) for netif_set_default
    netconf.o(i.LwIP_Init) refers to netif.o(i.netif_set_up) for netif_set_up
    netconf.o(i.LwIP_Init) refers to netconf.o(.data) for macaddress
    netconf.o(i.LwIP_Init) refers to etharp.o(i.ethernet_input) for ethernet_input
    netconf.o(i.LwIP_Init) refers to ethernetif.o(i.ethernetif_init) for ethernetif_init
    netconf.o(i.LwIP_Init) refers to netconf.o(.bss) for netif
    netconf.o(i.LwIP_Periodic_Handle) refers to ethernetif.o(i.ETH_Recive_Poll) for ETH_Recive_Poll
    netconf.o(i.LwIP_Periodic_Handle) refers to tcp.o(i.tcp_tmr) for tcp_tmr
    netconf.o(i.LwIP_Periodic_Handle) refers to tftpserver.o(i.TftpTrm250ms) for TftpTrm250ms
    netconf.o(i.LwIP_Periodic_Handle) refers to etharp.o(i.etharp_tmr) for etharp_tmr
    netconf.o(i.LwIP_Periodic_Handle) refers to netconf.o(.data) for TCPTimer
    netconf.o(i.LwIP_Pkt_Handle) refers to ethernetif.o(i.ethernetif_input) for ethernetif_input
    netconf.o(i.LwIP_Pkt_Handle) refers to netconf.o(.bss) for netif
    stm32f10x_it.o(i.ETH_IRQHandler) refers to ethernetif.o(i.Read_Eth_Packet) for Read_Eth_Packet
    stm32f10x_it.o(i.ETH_IRQHandler) refers to stm32_eth.o(i.ETH_GetRxPktSize) for ETH_GetRxPktSize
    stm32f10x_it.o(i.ETH_IRQHandler) refers to stm32_eth.o(i.ETH_DMAClearITPendingBit) for ETH_DMAClearITPendingBit
    stm32f10x_it.o(i.HardFault_Handler) refers to stm32f10x_it.o(.emb_text) for wait
    stm32f10x_it.o(i.SysTick_Handler) refers to main.o(i.Time_Update) for Time_Update
    stm32f107.o(i.ADC_Configuration) refers to stm32f10x_adc.o(i.ADC_Init) for ADC_Init
    stm32f107.o(i.ADC_Configuration) refers to stm32f10x_adc.o(i.ADC_RegularChannelConfig) for ADC_RegularChannelConfig
    stm32f107.o(i.ADC_Configuration) refers to stm32f10x_adc.o(i.ADC_Cmd) for ADC_Cmd
    stm32f107.o(i.ADC_Configuration) refers to stm32f10x_adc.o(i.ADC_SoftwareStartConvCmd) for ADC_SoftwareStartConvCmd
    stm32f107.o(i.Ethernet_Configuration) refers to stm32f10x_gpio.o(i.GPIO_ETH_MediaInterfaceConfig) for GPIO_ETH_MediaInterfaceConfig
    stm32f107.o(i.Ethernet_Configuration) refers to stm32f10x_rcc.o(i.RCC_MCOConfig) for RCC_MCOConfig
[...]
    TIM2_IRQHandler                          0x08002275   Thumb Code    40  main.o(i.TIM2_IRQHandler)
    TIM_ARRPreloadConfig                     0x080022a1   Thumb Code    24  stm32f10x_tim.o(i.TIM_ARRPreloadConfig)
    TIM_ClearFlag                            0x080022b9   Thumb Code     6  stm32f10x_tim.o(i.TIM_ClearFlag)
    TIM_ClearITPendingBit                    0x080022bf   Thumb Code     6  stm32f10x_tim.o(i.TIM_ClearITPendingBit)
    TIM_Cmd                                  0x080022c5   Thumb Code    24  stm32f10x_tim.o(i.TIM_Cmd)
    TIM_GetITStatus                          0x080022dd   Thumb Code    34  stm32f10x_tim.o(i.TIM_GetITStatus)
    TIM_ITConfig                             0x080022ff   Thumb Code    24  stm32f10x_tim.o(i.TIM_ITConfig)
    TIM_SetCounter                           0x08002317   Thumb Code     4  stm32f10x_tim.o(i.TIM_SetCounter)
    TIM_TimeBaseInit                         0x0800231d   Thumb Code    50  stm32f10x_tim.o(i.TIM_TimeBaseInit)
    TcpTestThread                            0x08002359   Thumb Code    68  client_tcpudp.o(i.TcpTestThread)
    Tcp_accept                               0x080023c1   Thumb Code    54  client_tcpudp.o(i.Tcp_accept)
    Tcp_recv                                 0x08002401   Thumb Code    40  client_tcpudp.o(i.Tcp_recv)
    TemperatureThread                        0x08002429   Thumb Code   194  ds18b20srom.o(i.TemperatureThread)
    TftpTrm250ms                             0x08002505   Thumb Code    66  tftpserver.o(i.TftpTrm250ms)
    Time_Update                              0x08002561   Thumb Code     2  main.o(i.Time_Update)
    UDPSendData                              0x08002565   Thumb Code   108  client_tcpudp.o(i.UDPSendData)
    UsageFault_Handler                       0x080025f1   Thumb Code     4  stm32f10x_it.o(i.UsageFault_Handler)
    Write18b20IO                             0x080025f5   Thumb Code    26  ds18b20srom.o(i.Write18b20IO)
    __scatterload_copy                       0x08002615   Thumb Code    14  handlers.o(i.__scatterload_copy)
    __scatterload_null                       0x08002623   Thumb Code     2  handlers.o(i.__scatterload_null)
    __scatterload_zeroinit                   0x08002625   Thumb Code    14  handlers.o(i.__scatterload_zeroinit)
    dir_addCluster                           0x0800268f   Thumb Code   110  dir.o(i.dir_addCluster)
    dir_createDefaultEntry                   0x080026fd   Thumb Code    54  dir.o(i.dir_createDefaultEntry)
    dir_createDirectoryEntry                 0x08002733   Thumb Code    48  dir.o(i.dir_createDirectoryEntry)
    dir_findFileinBuf                        0x08002763   Thumb Code   108  dir.o(i.dir_findFileinBuf)
    dir_findFreeEntryinBuf                   0x080027cf   Thumb Code    72  dir.o(i.dir_findFreeEntryinBuf)
    dir_findinBuf                            0x08002817   Thumb Code    48  dir.o(i.dir_findinBuf)
    dir_findinCluster                        0x08002847   Thumb Code   114  dir.o(i.dir_findinCluster)
    dir_findinDir                            0x080028b9   Thumb Code   106  dir.o(i.dir_findinDir)
    dir_findinRootArea                       0x08002923   Thumb Code   126  dir.o(i.dir_findinRootArea)
    dir_getFatFileName                       0x080029a1   Thumb Code    72  dir.o(i.dir_getFatFileName)
    dir_getFileStructure                     0x080029e9   Thumb Code    48  dir.o(i.dir_getFileStructure)
    dir_setFileSize                          0x08002a19   Thumb Code    42  dir.o(i.dir_setFileSize)
    dir_setFirstCluster                      0x08002a43   Thumb Code    52  dir.o(i.dir_setFirstCluster)
    dir_updateDirectoryEntry                 0x08002a77   Thumb Code    50  dir.o(i.dir_updateDirectoryEntry)
    disc_initDisc                            0x08002aa9   Thumb Code    20  disc.o(i.disc_initDisc)
    disc_loadMBR                             0x08002abd   Thumb Code    60  disc.o(i.disc_loadMBR)
    docrc8                                   0x08002af9   Thumb Code    22  ds18b20sech.o(i.docrc8)
    efs_init                                 0x08002b19   Thumb Code   116  efs.o(i.efs_init)
    etharp_output                            0x08002ec9   Thumb Code   354  etharp.o(i.etharp_output)
    etharp_query                             0x080030bd   Thumb Code   420  etharp.o(i.etharp_query)
    etharp_request                           0x08003359   Thumb Code    36  etharp.o(i.etharp_request)
    etharp_tmr                               0x080033c9   Thumb Code   136  etharp.o(i.etharp_tmr)
    ethernet_input                           0x08003519   Thumb Code   226  etharp.o(i.ethernet_input)
    ethernetif_init                          0x08003605   Thumb Code    72  ethernetif.o(i.ethernetif_init)
    ethernetif_input                         0x0800365d   Thumb Code    44  ethernetif.o(i.ethernetif_input)
    ex_getPartitionField                     0x08003689   Thumb Code    76  extract.o(i.ex_getPartitionField)
    ex_getb16                                0x080036d5   Thumb Code    16  extract.o(i.ex_getb16)
    ex_getb32                                0x080036e5   Thumb Code    30  extract.o(i.ex_getb32)
    fat_DiscToLogicCluster                   0x08003703   Thumb Code    70  fat.o(i.fat_DiscToLogicCluster)
    fat_LogicToDiscCluster                   0x08003749   Thumb Code    92  fat.o(i.fat_LogicToDiscCluster)
    fat_allocClusterChain                    0x080037a5   Thumb Code   316  fat.o(i.fat_allocClusterChain)
    fat_countClustersInChain                 0x080038e1   Thumb Code    56  fat.o(i.fat_countClustersInChain)
    fat_getNextClusterAddress                0x08003919   Thumb Code   188  fat.o(i.fat_getNextClusterAddress)
    fat_getNextClusterAddressWBuf            0x080039d5   Thumb Code   156  fat.o(i.fat_getNextClusterAddressWBuf)
    fat_getNextClusterChain                  0x08003a71   Thumb Code   172  fat.o(i.fat_getNextClusterChain)
    fat_getSectorAddressFatEntry             0x08003b1d   Thumb Code    82  fat.o(i.fat_getSectorAddressFatEntry)
    fat_giveEocMarker                        0x08003b6f   Thumb Code    42  fat.o(i.fat_giveEocMarker)
    fat_isEocMarker                          0x08003b99   Thumb Code    70  fat.o(i.fat_isEocMarker)
    fat_setNextClusterAddress                0x08003be5   Thumb Code   288  fat.o(i.fat_setNextClusterAddress)
    fat_setNextClusterAddressWBuf            0x08003d05   Thumb Code   224  fat.o(i.fat_setNextClusterAddressWBuf)
    file_fclose                              0x08003de5   Thumb Code   104  file.o(i.file_fclose)
    file_fopen                               0x08003e4d   Thumb Code   636  file.o(i.file_fopen)
    file_fread                               0x080040c9   Thumb Code   256  file.o(i.file_fread)
    file_fwrite                              0x080041c9   Thumb Code   328  file.o(i.file_fwrite)
    file_getAttr                             0x08004311   Thumb Code    14  file.o(i.file_getAttr)
    file_initFile                            0x0800431f   Thumb Code    50  file.o(i.file_initFile)
    file_normalToFatName                     0x08004351   Thumb Code   150  file.o(i.file_normalToFatName)
    file_read                                0x080043e7   Thumb Code    36  file.o(i.file_read)
    file_requiredCluster                     0x0800440b   Thumb Code   112  file.o(i.file_requiredCluster)
    file_setAttr                             0x0800447b   Thumb Code    38  file.o(i.file_setAttr)
    file_setpos                              0x080044a1   Thumb Code    20  file.o(i.file_setpos)
    file_validateChar                        0x080044b5   Thumb Code    68  file.o(i.file_validateChar)
    file_write                               0x080044f9   Thumb Code    36  file.o(i.file_write)
    fs_bytes_left                            0x0800451d   Thumb Code    10  fs_lwip.o(i.fs_bytes_left)
    fs_clearCluster                          0x08004527   Thumb Code    70  fs.o(i.fs_clearCluster)
    fs_close                                 0x0800456d   Thumb Code     2  fs_lwip.o(i.fs_close)
    fs_clusterToSector                       0x0800456f   Thumb Code    58  fs.o(i.fs_clusterToSector)
    fs_countDataSectors                      0x080045a9   Thumb Code    88  fs.o(i.fs_countDataSectors)
    fs_determineFatType                      0x08004601   Thumb Code    52  fs.o(i.fs_determineFatType)
    fs_findFile                              0x08004635   Thumb Code   208  fs.o(i.fs_findFile)
    fs_findFirstSectorRootDir                0x08004705   Thumb Code    46  fs.o(i.fs_findFirstSectorRootDir)
    fs_findFreeFile                          0x08004733   Thumb Code   112  fs.o(i.fs_findFreeFile)
    fs_flushFs                               0x080047a3   Thumb Code    16  fs.o(i.fs_flushFs)
    fs_getFirstClusterRootDir                0x080047b3   Thumb Code    18  fs.o(i.fs_getFirstClusterRootDir)
    fs_getLastCluster                        0x080047c5   Thumb Code    60  fs.o(i.fs_getLastCluster)
    fs_getNextFreeCluster                    0x08004801   Thumb Code    38  fs.o(i.fs_getNextFreeCluster)
    fs_giveFreeClusterHint                   0x08004827   Thumb Code     6  fs.o(i.fs_giveFreeClusterHint)
    fs_hasTimeSupport                        0x0800482d   Thumb Code     4  time.o(i.fs_hasTimeSupport)
    fs_initClusterChain                      0x08004831   Thumb Code    16  fs.o(i.fs_initClusterChain)
    fs_initCurrentDir                        0x08004841   Thumb Code    14  fs.o(i.fs_initCurrentDir)
    fs_initFs                                0x0800484f   Thumb Code    72  fs.o(i.fs_initFs)
    fs_isValidFat                            0x08004897   Thumb Code    50  fs.o(i.fs_isValidFat)
    fs_loadVolumeId                          0x080048c9   Thumb Code   116  fs.o(i.fs_loadVolumeId)
    fs_open                                  0x0800493d   Thumb Code    64  fs_lwip.o(i.fs_open)
    fs_setFirstClusterInDirEntry             0x08004981   Thumb Code     8  fs.o(i.fs_setFirstClusterInDirEntry)
    fs_umount                                0x08004989   Thumb Code    12  fs.o(i.fs_umount)
    fs_verifySanity                          0x08004995   Thumb Code   178  fs.o(i.fs_verifySanity)
    get_spi_BaudRatePrescaler                0x08004a47   Thumb Code     6  sd.o(i.get_spi_BaudRatePrescaler)
    httpd_init                               0x080051d9   Thumb Code    10  httpd.o(i.httpd_init)
    icmp_dest_unreach                        0x08005249   Thumb Code    18  icmp.o(i.icmp_dest_unreach)
    icmp_input                               0x0800525d   Thumb Code   530  icmp.o(i.icmp_input)
    icmp_time_exceeded                       0x0800550d   Thumb Code    18  icmp.o(i.icmp_time_exceeded)
    if_initInterface                         0x0800551f   Thumb Code    76  sd_stm32.o(i.if_initInterface)
    if_readBuf                               0x0800556b   Thumb Code    24  sd_stm32.o(i.if_readBuf)
    if_spiInit                               0x08005585   Thumb Code    40  sd_stm32.o(i.if_spiInit)
    if_spiSend                               0x080055b1   Thumb Code    74  sd_stm32.o(i.if_spiSend)
    if_writeBuf                              0x08005605   Thumb Code    20  sd_stm32.o(i.if_writeBuf)
    inet_chksum                              0x08005619   Thumb Code    20  inet_chksum.o(i.inet_chksum)
    inet_chksum_pbuf                         0x0800562d   Thumb Code    86  inet_chksum.o(i.inet_chksum_pbuf)
    inet_chksum_pseudo                       0x08005683   Thumb Code   164  inet_chksum.o(i.inet_chksum_pseudo)
    ioman_decUseCnt                          0x08005727   Thumb Code    42  ioman.o(i.ioman_decUseCnt)
    ioman_directSectorRead                   0x08005751   Thumb Code   134  ioman.o(i.ioman_directSectorRead)
    ioman_directSectorWrite                  0x080057d7   Thumb Code   168  ioman.o(i.ioman_directSectorWrite)
    ioman_findFreeSpot                       0x0800587f   Thumb Code    40  ioman.o(i.ioman_findFreeSpot)
    ioman_findOverallocableSpot              0x080058a7   Thumb Code   116  ioman.o(i.ioman_findOverallocableSpot)
    ioman_findSectorInCache                  0x0800591b   Thumb Code    54  ioman.o(i.ioman_findSectorInCache)
    ioman_findUnusedSpot                     0x08005951   Thumb Code   142  ioman.o(i.ioman_findUnusedSpot)
    ioman_flushRange                         0x080059df   Thumb Code   110  ioman.o(i.ioman_flushRange)
    ioman_flushSector                        0x08005a4d   Thumb Code    96  ioman.o(i.ioman_flushSector)
    ioman_getAttr                            0x08005aad   Thumb Code    32  ioman.o(i.ioman_getAttr)
    ioman_getBp                              0x08005acd   Thumb Code    46  ioman.o(i.ioman_getBp)
    ioman_getBuffer                          0x08005afb   Thumb Code     8  ioman.o(i.ioman_getBuffer)
    ioman_getPtr                             0x08005b03   Thumb Code    24  ioman.o(i.ioman_getPtr)
    ioman_getRefCnt                          0x08005b1b   Thumb Code    24  ioman.o(i.ioman_getRefCnt)
    ioman_getSector                          0x08005b33   Thumb Code   324  ioman.o(i.ioman_getSector)
    ioman_getUseCnt                          0x08005c77   Thumb Code    24  ioman.o(i.ioman_getUseCnt)
    ioman_incRefCnt                          0x08005c8f   Thumb Code    44  ioman.o(i.ioman_incRefCnt)
    ioman_incUseCnt                          0x08005cbb   Thumb Code    44  ioman.o(i.ioman_incUseCnt)
    ioman_init                               0x08005ce7   Thumb Code    36  ioman.o(i.ioman_init)
    ioman_pop                                0x08005d0b   Thumb Code   128  ioman.o(i.ioman_pop)
    ioman_push                               0x08005d8b   Thumb Code   120  ioman.o(i.ioman_push)
    ioman_putSectorInCache                   0x08005e03   Thumb Code    76  ioman.o(i.ioman_putSectorInCache)
    ioman_readSector                         0x08005e4f   Thumb Code    46  ioman.o(i.ioman_readSector)
    ioman_releaseSector                      0x08005e7d   Thumb Code    90  ioman.o(i.ioman_releaseSector)
    ioman_reset                              0x08005ed7   Thumb Code   122  ioman.o(i.ioman_reset)
    ioman_resetCacheItem                     0x08005f51   Thumb Code    38  ioman.o(i.ioman_resetCacheItem)
    ioman_setAttr                            0x08005f77   Thumb Code    62  ioman.o(i.ioman_setAttr)
    ioman_writeSector                        0x08005fb5   Thumb Code    48  ioman.o(i.ioman_writeSector)
    ip4_addr_isbroadcast                     0x08005fe5   Thumb Code    78  ip_addr.o(i.ip4_addr_isbroadcast)
    ip_frag                                  0x08006035   Thumb Code   448  ip_frag.o(i.ip_frag)
    ip_input                                 0x08006221   Thumb Code   544  ip.o(i.ip_input)
    ip_output                                0x08006459   Thumb Code    82  ip.o(i.ip_output)
    ip_output_if                             0x080064b1   Thumb Code   312  ip.o(i.ip_output_if)
    ip_reass                                 0x080065f1   Thumb Code   448  ip_frag.o(i.ip_reass)
    ip_route                                 0x08006b45   Thumb Code    92  ip.o(i.ip_route)
    ls_openDir                               0x08006ce9   Thumb Code    68  ls.o(i.ls_openDir)
    lwip_htonl                               0x08006d2d   Thumb Code    26  def.o(i.lwip_htonl)
    lwip_htons                               0x08006d47   Thumb Code    12  def.o(i.lwip_htons)
    lwip_ntohl                               0x08006d53   Thumb Code    12  def.o(i.lwip_ntohl)
    lwip_ntohs                               0x08006d5f   Thumb Code    12  def.o(i.lwip_ntohs)
    main                                     0x08006dc9   Thumb Code    80  main.o(i.main)
    memClr                                   0x08006e1d   Thumb Code    18  plibc.o(i.memClr)
    memCpy                                   0x08006e2f   Thumb Code    24  plibc.o(i.memCpy)
    mem_free                                 0x08006e49   Thumb Code   148  mem.o(i.mem_free)
    mem_init                                 0x08006eed   Thumb Code    84  mem.o(i.mem_init)
    mem_malloc                               0x08006f55   Thumb Code   396  mem.o(i.mem_malloc)
    mem_trim                                 0x080070f1   Thumb Code   386  mem.o(i.mem_trim)
    memp_free                                0x08007285   Thumb Code    82  memp.o(i.memp_free)
    memp_init                                0x080072e5   Thumb Code   136  memp.o(i.memp_init)
    memp_malloc                              0x08007381   Thumb Code   184  memp.o(i.memp_malloc)
    netbios_init                             0x08007471   Thumb Code    46  netbios.o(i.netbios_init)
    netif_add                                0x08007611   Thumb Code   106  netif.o(i.netif_add)
    netif_set_addr                           0x08007685   Thumb Code    40  netif.o(i.netif_set_addr)
    netif_set_default                        0x080076ad   Thumb Code     6  netif.o(i.netif_set_default)
    netif_set_gw                             0x080076b9   Thumb Code    12  netif.o(i.netif_set_gw)
    netif_set_ipaddr                         0x080076c5   Thumb Code   110  netif.o(i.netif_set_ipaddr)
    netif_set_netmask                        0x0800773d   Thumb Code    12  netif.o(i.netif_set_netmask)
    netif_set_up                             0x08007749   Thumb Code    54  netif.o(i.netif_set_up)
    part_directSectorRead                    0x0800777f   Thumb Code    36  partition.o(i.part_directSectorRead)
    part_directSectorWrite                   0x080077a3   Thumb Code    36  partition.o(i.part_directSectorWrite)
    part_flushPart                           0x080077c7   Thumb Code    46  partition.o(i.part_flushPart)
    part_getRealLBA                          0x080077f5   Thumb Code    20  partition.o(i.part_getRealLBA)
    part_getSect                             0x08007809   Thumb Code    36  partition.o(i.part_getSect)
    part_initPartition                       0x0800782d   Thumb Code    46  partition.o(i.part_initPartition)
    part_isFatPart                           0x0800785b   Thumb Code    38  partition.o(i.part_isFatPart)
    part_relSect                             0x08007881   Thumb Code    18  partition.o(i.part_relSect)
    pbuf_alloc                               0x08007893   Thumb Code   522  pbuf.o(i.pbuf_alloc)
    pbuf_alloced_custom                      0x08007a9d   Thumb Code   112  pbuf.o(i.pbuf_alloced_custom)
    pbuf_cat                                 0x08007b0d   Thumb Code    80  pbuf.o(i.pbuf_cat)
    pbuf_chain                               0x08007b5d   Thumb Code    22  pbuf.o(i.pbuf_chain)
    pbuf_clen                                0x08007b73   Thumb Code    18  pbuf.o(i.pbuf_clen)
    pbuf_copy                                0x08007b85   Thumb Code   228  pbuf.o(i.pbuf_copy)
    pbuf_copy_partial                        0x08007c69   Thumb Code   154  pbuf.o(i.pbuf_copy_partial)
    pbuf_free                                0x08007d03   Thumb Code   186  pbuf.o(i.pbuf_free)
    pbuf_header                              0x08007dbd   Thumb Code   140  pbuf.o(i.pbuf_header)
    pbuf_realloc                             0x08007e49   Thumb Code   176  pbuf.o(i.pbuf_realloc)
    pbuf_ref                                 0x08007ef9   Thumb Code    10  pbuf.o(i.pbuf_ref)
    process_tftp_request                     0x08007fb9   Thumb Code   378  tftpserver.o(i.process_tftp_request)
    raw_input                                0x08008165   Thumb Code   102  raw.o(i.raw_input)
    recv_callback_tftp                       0x080081d9   Thumb Code    34  tftpserver.o(i.recv_callback_tftp)
    rrq_recv_callback                        0x080081fd   Thumb Code   102  tftpserver.o(i.rrq_recv_callback)
    sd_Command                               0x0800826d   Thumb Code    82  sd.o(i.sd_Command)
    sd_Command_crc                           0x080082bf   Thumb Code   132  sd.o(i.sd_Command_crc)
    sd_Init                                  0x08008345   Thumb Code   628  sd.o(i.sd_Init)
    sd_Resp16b                               0x080085bd   Thumb Code    32  sd.o(i.sd_Resp16b)
    sd_Resp8b                                0x080085dd   Thumb Code    38  sd.o(i.sd_Resp8b)
    sd_Resp8bError                           0x08008603   Thumb Code    52  sd.o(i.sd_Resp8bError)
    sd_State                                 0x08008637   Thumb Code   112  sd.o(i.sd_State)
    sd_getDriveSize                          0x080086a9   Thumb Code   310  sd.o(i.sd_getDriveSize)
    sd_readSector                            0x080087fd   Thumb Code   162  sd.o(i.sd_readSector)
    sd_writeSector                           0x080088a5   Thumb Code   128  sd.o(i.sd_writeSector)
    strMatch                                 0x08008929   Thumb Code    32  plibc.o(i.strMatch)
    tcp_abandon                              0x08008995   Thumb Code   146  tcp.o(i.tcp_abandon)
    tcp_abort                                0x08008a35   Thumb Code    14  tcp.o(i.tcp_abort)
    tcp_accept                               0x08008a43   Thumb Code     4  tcp.o(i.tcp_accept)
    tcp_alloc                                0x08008a51   Thumb Code   260  tcp.o(i.tcp_alloc)
    tcp_arg                                  0x08008b69   Thumb Code     4  tcp.o(i.tcp_arg)
    tcp_bind                                 0x08008b6d   Thumb Code   146  tcp.o(i.tcp_bind)
    tcp_client_callback                      0x08008c09   Thumb Code    78  client_tcpudp.o(i.tcp_client_callback)
    tcp_client_connected                     0x08008c71   Thumb Code    72  client_tcpudp.o(i.tcp_client_connected)
    tcp_client_err                           0x08008cd1   Thumb Code    38  client_tcpudp.o(i.tcp_client_err)
    tcp_client_reciver                       0x08008cfd   Thumb Code   532  client_tcpudp.o(i.tcp_client_reciver)
    tcp_close                                0x08008f69   Thumb Code    28  tcp.o(i.tcp_close)
    tcp_connect                              0x08009159   Thumb Code   326  tcp.o(i.tcp_connect)
    tcp_eff_send_mss                         0x08009375   Thumb Code    46  tcp.o(i.tcp_eff_send_mss)
    tcp_enqueue_flags                        0x080093a5   Thumb Code   392  tcp_out.o(i.tcp_enqueue_flags)
    tcp_err                                  0x08009531   Thumb Code    20  tcp.o(i.tcp_err)
    tcp_fasttmr                              0x08009545   Thumb Code   118  tcp.o(i.tcp_fasttmr)
    tcp_input                                0x080095c9   Thumb Code  1360  tcp_in.o(i.tcp_input)
    tcp_keepalive                            0x08009b45   Thumb Code   100  tcp_out.o(i.tcp_keepalive)
    tcp_listen_with_backlog                  0x08009d81   Thumb Code   202  tcp.o(i.tcp_listen_with_backlog)
    tcp_new                                  0x08009e5d   Thumb Code    10  tcp.o(i.tcp_new)
    tcp_next_iss                             0x08009ed1   Thumb Code    20  tcp.o(i.tcp_next_iss)
    tcp_output                               0x08009eed   Thumb Code   464  tcp_out.o(i.tcp_output)
    tcp_pcb_purge                            0x0800a371   Thumb Code    64  tcp.o(i.tcp_pcb_purge)
    tcp_pcb_remove                           0x0800a3b1   Thumb Code   156  tcp.o(i.tcp_pcb_remove)
    tcp_poll                                 0x0800a451   Thumb Code    24  tcp.o(i.tcp_poll)
    tcp_process_refused_data                 0x0800aa0d   Thumb Code   140  tcp.o(i.tcp_process_refused_data)
    tcp_recv                                 0x0800b171   Thumb Code    18  tcp.o(i.tcp_recv)
    tcp_recv_null                            0x0800b183   Thumb Code    46  tcp.o(i.tcp_recv_null)
    tcp_recved                               0x0800b1b1   Thumb Code    96  tcp.o(i.tcp_recved)
    tcp_rexmit                               0x0800b211   Thumb Code    90  tcp_out.o(i.tcp_rexmit)
    tcp_rexmit_fast                          0x0800b26b   Thumb Code   112  tcp_out.o(i.tcp_rexmit_fast)
    tcp_rexmit_rto                           0x0800b2db   Thumb Code    58  tcp_out.o(i.tcp_rexmit_rto)
    tcp_rst                                  0x0800b315   Thumb Code   166  tcp_out.o(i.tcp_rst)
    tcp_seg_free                             0x0800b3c1   Thumb Code    26  tcp.o(i.tcp_seg_free)
    tcp_segs_free                            0x0800b3db   Thumb Code    24  tcp.o(i.tcp_segs_free)
    tcp_send_empty_ack                       0x0800b3f3   Thumb Code    96  tcp_out.o(i.tcp_send_empty_ack)
    tcp_send_fin                             0x0800b453   Thumb Code    74  tcp_out.o(i.tcp_send_fin)
    tcp_sent                                 0x0800b49d   Thumb Code    18  tcp.o(i.tcp_sent)
    tcp_setprio                              0x0800b4af   Thumb Code     4  tcp.o(i.tcp_setprio)
    tcp_sever_test                           0x0800b4b5   Thumb Code    46  client_tcpudp.o(i.tcp_sever_test)
    tcp_slowtmr                              0x0800b4ed   Thumb Code   880  tcp.o(i.tcp_slowtmr)
    tcp_timer_needed                         0x0800b879   Thumb Code     2  timers.o(i.tcp_timer_needed)
    tcp_tmr                                  0x0800b929   Thumb Code    30  tcp.o(i.tcp_tmr)
    tcp_update_rcv_ann_wnd                   0x0800b94d   Thumb Code    88  tcp.o(i.tcp_update_rcv_ann_wnd)
    tcp_write                                0x0800b9a5   Thumb Code  1022  tcp_out.o(i.tcp_write)
    tcp_zero_window_probe                    0x0800be45   Thumb Code   200  tcp_out.o(i.tcp_zero_window_probe)
    tftp_cleanup_rd                          0x0800bf11   Thumb Code    50  tftpserver.o(i.tftp_cleanup_rd)
    tftp_cleanup_wr                          0x0800bf55   Thumb Code    50  tftpserver.o(i.tftp_cleanup_wr)
    tftp_construct_error_message             0x0800bf99   Thumb Code    50  tftpserver.o(i.tftp_construct_error_message)
    tftp_decode_op                           0x0800bfd1   Thumb Code     6  tftputils.o(i.tftp_decode_op)
    tftp_extract_block                       0x0800bfd7   Thumb Code    14  tftputils.o(i.tftp_extract_block)
    tftp_extract_filename                    0x0800bfe5   Thumb Code    16  tftputils.o(i.tftp_extract_filename)
    tftp_is_correct_ack                      0x0800bff5   Thumb Code    38  tftputils.o(i.tftp_is_correct_ack)
    tftp_process_read                        0x0800c01d   Thumb Code   156  tftpserver.o(i.tftp_process_read)
    tftp_process_write                       0x0800c0d1   Thumb Code   142  tftpserver.o(i.tftp_process_write)
    tftp_send_ack_packet                     0x0800c16d   Thumb Code    48  tftpserver.o(i.tftp_send_ack_packet)
    tftp_send_data_packet                    0x0800c19d   Thumb Code    72  tftpserver.o(i.tftp_send_data_packet)
    tftp_send_error_message                  0x0800c1e5   Thumb Code    50  tftpserver.o(i.tftp_send_error_message)
    tftp_send_message                        0x0800c217   Thumb Code    74  tftpserver.o(i.tftp_send_message)
    tftp_send_next_block                     0x0800c261   Thumb Code    56  tftpserver.o(i.tftp_send_next_block)
    tftp_set_block                           0x0800c29d   Thumb Code    18  tftputils.o(i.tftp_set_block)
    tftp_set_data_message                    0x0800c2af   Thumb Code    20  tftputils.o(i.tftp_set_data_message)
    tftp_set_errorcode                       0x0800c2c3   Thumb Code     8  tftputils.o(i.tftp_set_errorcode)
    tftp_set_errormsg                        0x0800c2cb   Thumb Code    16  tftputils.o(i.tftp_set_errormsg)
    tftp_set_opcode                          0x0800c2db   Thumb Code     8  tftputils.o(i.tftp_set_opcode)
    tftpd_init                               0x0800c2e5   Thumb Code    54  tftpserver.o(i.tftpd_init)
    udp_bind                                 0x0800c329   Thumb Code   132  udp.o(i.udp_bind)
    udp_client_callback                      0x0800c3b1   Thumb Code    82  client_tcpudp.o(i.udp_client_callback)
    udp_client_callback_app                  0x0800c40d   Thumb Code    50  client_tcpudp.o(i.udp_client_callback_app)
    udp_disconnect                           0x0800c44d   Thumb Code    16  udp.o(i.udp_disconnect)
    udp_input                                0x0800c45d   Thumb Code   580  udp.o(i.udp_input)
    udp_new                                  0x0800c6b1   Thumb Code    28  udp.o(i.udp_new)
    udp_recv                                 0x0800c725   Thumb Code     6  udp.o(i.udp_recv)
    udp_remove                               0x0800c72d   Thumb Code    60  udp.o(i.udp_remove)
    udp_sendto                               0x0800c76d   Thumb Code    62  udp.o(i.udp_sendto)
    udp_sendto_if                            0x0800c7b1   Thumb Code   270  udp.o(i.udp_sendto_if)
    wrq_recv_callback                        0x0800c8c5   Thumb Code   200  tftpserver.o(i.wrq_recv_callback)
    tcp_state_str                            0x0800c9b4   Data          44  tcp.o(.constdata)
    tcp_backoff                              0x0800c9e0   Data          13  tcp.o(.constdata)
    tcp_persist_backoff                      0x0800c9ed   Data           7  tcp.o(.constdata)
    tcp_pcb_lists                            0x0800c9f4   Data          16  tcp.o(.constdata)
    ip_addr_any                              0x0800ca04   Data           4  ip_addr.o(.constdata)
    ip_addr_broadcast                        0x0800ca08   Data           4  ip_addr.o(.constdata)
    ethbroadcast                             0x0800ca0c   Data           6  etharp.o(.constdata)
    ethzero                                  0x0800ca12   Data           6  etharp.o(.constdata)
    file__img_sics_gif                       0x08013480   Data          20  fs_lwip.o(.constdata)
    file__404_html                           0x08013494   Data          20  fs_lwip.o(.constdata)
    file__index_html                         0x080134a8   Data          20  fs_lwip.o(.constdata)
    Region$$Table$$Base                      0x080135b8   Number         0  anon$$obj.o(Region$$Table)
    Region$$Table$$Limit                     0x080135d8   Number         0  anon$$obj.o(Region$$Table)
    LocalTime                                0x20000000   Data           4  main.o(.data)
    timingdelay                              0x20000004   Data           4  main.o(.data)
    TCPTimer                                 0x20000008   Data           4  netconf.o(.data)
    ARPTimer                                 0x2000000c   Data           4  netconf.o(.data)
    DHCPfineTimer                            0x20000010   Data           4  netconf.o(.data)
    DHCPcoarseTimer                          0x20000014   Data           4  netconf.o(.data)
    DisplayTimer                             0x2000001c   Data           4  netconf.o(.data)
    LedToggle                                0x20000020   Data           1  netconf.o(.data)
    Server                                   0x20000021   Data           1  netconf.o(.data)
    macaddress                               0x20000022   Data           6  netconf.o(.data)
    Tcplink                                  0x20000028   Data           1  client_tcpudp.o(.data)
    Udplink                                  0x20000029   Data           1  client_tcpudp.o(.data)
    retry_TCP_connect                        0x2000002c   Data           4  client_tcpudp.o(.data)
    SystemRunTime                            0x20000030   Data           4  client_tcpudp.o(.data)
    TCPCreatTrm                              0x20000034   Data           4  client_tcpudp.o(.data)
    cansent                                  0x20000038   Data           1  client_tcpudp.o(.data)
    num                                      0x20000039   Data           1  client_tcpudp.o(.data)
    num1                                     0x2000003a   Data           1  client_tcpudp.o(.data)
    TCPSentCreatTrm                          0x2000003c   Data           4  client_tcpudp.o(.data)
    Udpbf                                    0x20000040   Data        1024  client_tcpudp.o(.data)
    UDPSentCreatTrm                          0x20000440   Data           4  client_tcpudp.o(.data)
    wpcb                                     0x20000444   Data           4  client_tcpudp.o(.data)
    upcb                                     0x20000448   Data           4  client_tcpudp.o(.data)
    strA                                     0x20000454   Data          15  filesystem.o(.data)
    strB                                     0x20000463   Data          15  filesystem.o(.data)
    tftp_errorcode_string                    0x2000047c   Data          32  tftpserver.o(.data)
    tftptimeoutTimer                         0x2000049c   Data           1  tftpserver.o(.data)
    tftptimeout                              0x2000049d   Data           1  tftpserver.o(.data)
    Timeoutargs                              0x200004a0   Data           4  tftpserver.o(.data)
    Timeoutupcb                              0x200004a4   Data           4  tftpserver.o(.data)
    Timeoutaddr                              0x200004a8   Data           4  tftpserver.o(.data)
    Timeoutport                              0x200004ac   Data           2  tftpserver.o(.data)
    Timeoutportpkt_buf                       0x200004b0   Data           4  tftpserver.o(.data)
    UDPpcb                                   0x200004b4   Data           4  tftpserver.o(.data)
    time_run                                 0x200004bc   Data           4  ds18b20srom.o(.data)
    TempCreatTrm                             0x200004c0   Data           4  ds18b20srom.o(.data)
    Day                                      0x200004c4   Data           2  ds18b20srom.o(.data)
    Assic                                    0x200004c6   Data           6  ds18b20srom.o(.data)
    ROM_NO                                   0x200005d0   Data           8  ds18b20sech.o(.data)
    LastDiscrepancy                          0x200005d8   Data           4  ds18b20sech.o(.data)
    LastFamilyDiscrepancy                    0x200005dc   Data           4  ds18b20sech.o(.data)
    LastDeviceFlag                           0x200005e0   Data           4  ds18b20sech.o(.data)
    crc8                                     0x200005e4   Data           1  ds18b20sech.o(.data)
    DMATxDescToSet                           0x200005fc   Data           4  stm32_eth.o(.data)
    DMARxDescToGet                           0x20000600   Data           4  stm32_eth.o(.data)
    DMAPTPTxDescToSet                        0x20000604   Data           4  stm32_eth.o(.data)
    DMAPTPRxDescToGet                        0x20000608   Data           4  stm32_eth.o(.data)
    mf                                       0x20000618   Data           4  memp.o(.data)
    netif_list                               0x2000061c   Data           4  netif.o(.data)
    netif_default                            0x20000620   Data           4  netif.o(.data)
    tcp_ticks                                0x20000634   Data           4  tcp.o(.data)
    tcp_bound_pcbs                           0x20000638   Data           4  tcp.o(.data)
    tcp_listen_pcbs                          0x2000063c   Data           4  tcp.o(.data)
    tcp_active_pcbs                          0x20000640   Data           4  tcp.o(.data)
    tcp_tw_pcbs                              0x20000644   Data           4  tcp.o(.data)
    tcp_tmp_pcb                              0x20000648   Data           4  tcp.o(.data)
    tcp_active_pcbs_changed                  0x2000064c   Data           1  tcp.o(.data)
    tcp_input_pcb                            0x2000066c   Data           4  tcp_in.o(.data)
    udp_pcbs                                 0x20000674   Data           4  udp.o(.data)
    current_netif                            0x20000678   Data           4  ip.o(.data)
    current_header                           0x2000067c   Data           4  ip.o(.data)
    current_iphdr_src                        0x20000680   Data           4  ip.o(.data)
    current_iphdr_dest                       0x20000684   Data           4  ip.o(.data)
    DMATxDesc                                0x20000694   Data           4  ethernetif.o(.data)
    tcp_end_time                             0x20000698   Data           4  ethernetif.o(.data)
    arp_end_time                             0x2000069c   Data           4  ethernetif.o(.data)
    MACaddr                                  0x200006a0   Data           6  ethernetif.o(.data)
    SDcard                                   0x200006a8   Data           1  sd.o(.data)
    max_clock                                0x200006ac   Data           4  sd.o(.data)
    netif                                    0x200006b0   Data          52  netconf.o(.bss)
    Udpbuf                                   0x200006e4   Data          10  client_tcpudp.o(.bss)
    myefs1                                   0x20000700   Data         692  filesystem.o(.bss)
    myefs2                                   0x200009b4   Data         692  filesystem.o(.bss)
    mylist1                                  0x20000c68   Data          52  filesystem.o(.bss)
    mylist2                                  0x20000c9c   Data          52  filesystem.o(.bss)
    myfile_SD                                0x20000cd0   Data          80  filesystem.o(.bss)
    myfile_CR                                0x20000d20   Data          80  filesystem.o(.bss)
    fsbufer                                  0x20000d70   Data        1024  filesystem.o(.bss)
    filebuf                                  0x20001170   Data         512  filesystem.o(.bss)
    efs1                                     0x20001370   Data         692  tftpserver.o(.bss)
    efs2                                     0x20001624   Data         692  tftpserver.o(.bss)
    list1                                    0x200018d8   Data          52  tftpserver.o(.bss)
    list2                                    0x2000190c   Data          52  tftpserver.o(.bss)
    file_SD                                  0x20001940   Data          80  tftpserver.o(.bss)
    file_CR                                  0x20001990   Data          80  tftpserver.o(.bss)
    temp                                     0x200019e0   Data          33  ds18b20srom.o(.bss)
    ID_Buff                                  0x20001a01   Data          16  ds18b20srom.o(.bss)
    ram_heap                                 0x20001a11   Data        6164  mem.o(.bss)
    lwip_stats                               0x20009ab4   Data         268  stats.o(.bss)
    DMARxDscrTab                             0x20009c98   Data          64  ethernetif.o(.bss)
    DMATxDscrTab                             0x20009cd8   Data          32  ethernetif.o(.bss)
    Rx_Buff                                  0x20009cf8   Data        6080  ethernetif.o(.bss)
    Tx_Buff                                  0x2000b4b8   Data        3040  ethernetif.o(.bss)
    Eth_Buff                                 0x2000c098   Data        1500  ethernetif.o(.bss)
    frameds                                  0x2000c674   Data          12  ethernetif.o(.bss)
    myefs3                                   0x2000ca80   Data         692  httpd.o(.bss)
    mylist3                                  0x2000cd34   Data          52  httpd.o(.bss)
    Httpfile_CR                              0x2000cd68   Data          80  httpd.o(.bss)
    __initial_sp                             0x2000ddb8   Data           0  startup_stm32f10x_cl.o(STACK)



==============================================================================

Memory Map of the image

  Image Entry point : 0x08000151

  Load Region LR_IROM1 (Base: 0x08000000, Size: 0x00013c88, Max: 0x00040000, ABSOLUTE, COMPRESSED[0x00013744])

    Execution Region ER_IROM1 (Base: 0x08000000, Size: 0x000135d8, Max: 0x00040000, ABSOLUTE)

    Base Addr    Size         Type   Attr      Idx    E Section Name        Object

    0x08000000   0x00000150   Data   RO         5952    RESET               startup_stm32f10x_cl.o
    0x08000150   0x00000000   Code   RO         7211  * .ARM.Collect$$$$00000000  mc_w.l(entry.o)(mc_w.l)
    0x08000150   0x00000004   Code   RO         7240    .ARM.Collect$$$$00000001  mc_w.l(entry2.o)(mc_w.l)
    0x08000154   0x00000004   Code   RO         7243    .ARM.Collect$$$$00000004  mc_w.l(entry5.o)(mc_w.l)
    0x08000158   0x00000008   Code   RO         7244    .ARM.Collect$$$$00000007  mc_w.l(entry7.o)(mc_w.l)
    0x08000160   0x00000004   Code   RO         7241    .ARM.Collect$$$$00002712  mc_w.l(entry2.o)(mc_w.l)
    0x08000164   0x00000002   Code   RO          263    .emb_text           stm32f10x_it.o
    0x08000166   0x00000002   PAD
    0x08000168   0x0000001c   Code   RO         5953    .text               startup_stm32f10x_cl.o
    0x08000184   0x00000024   Code   RO         7214    .text               mc_w.l(memcpya.o)(mc_w.l)
    0x080001a8   0x00000026   Code   RO         7216    .text               mc_w.l(memseta.o)(mc_w.l)
    0x080001ce   0x0000002c   Code   RO         7218    .text               mc_w.l(strstr.o)(mc_w.l)
    0x080001fa   0x00000012   Code   RO         7220    .text               mc_w.l(strchr.o)(mc_w.l)
    0x0800020c   0x00000010   Code   RO         7222    .text               mc_w.l(strlen.o)(mc_w.l)
    0x0800021c   0x0000001c   Code   RO         7224    .text               mc_w.l(strcmp.o)(mc_w.l)
    0x08000238   0x0000001a   Code   RO         7226    .text               mc_w.l(memcmp.o)(mc_w.l)
    0x08000252   0x00000012   Code   RO         7228    .text               mc_w.l(strcpy.o)(mc_w.l)
    0x08000264   0x0000001e   Code   RO         7230    .text               mc_w.l(strncmp.o)(mc_w.l)
    0x08000282   0x000000e2   Code   RO         7234    .text               mf_w.l(dmul.o)(mf_w.l)
    0x08000364   0x00000022   Code   RO         7236    .text               mf_w.l(dflti.o)(mf_w.l)
    0x08000386   0x0000003e   Code   RO         7238    .text               mf_w.l(dfixi.o)(mf_w.l)
    0x080003c4   0x00000020   Code   RO         7245    .text               mc_w.l(llushr.o)(mc_w.l)
    0x080003e4   0x00000000   Code   RO         7247    .text               mc_w.l(iusefp.o)(mc_w.l)
    0x080003e4   0x000000c2   Code   RO         7248    .text               mf_w.l(depilogue.o)(mf_w.l)
    0x080004a6   0x00000002   PAD
    0x080004a8   0x00000024   Code   RO         7250    .text               mc_w.l(init.o)(mc_w.l)
    0x080004cc   0x0000001e   Code   RO         7252    .text               mc_w.l(llshl.o)(mc_w.l)
    0x080004ea   0x0000005c   Code   RO         7262    .text               mc_w.l(__dczerorl2.o)(mc_w.l)
    0x08000546   0x00000004   Code   RO          264    i.BusFault_Handler  stm32f10x_it.o
    0x0800054a   0x00000002   PAD
    0x0800054c   0x000002e4   Code   RO          804    i.DS1820main        ds18b20srom.o
    0x08000830   0x00000040   Code   RO          913    i.DS18B20_ReadBit   ds18b20srom.o
    0x08000870   0x00000024   Code   RO          806    i.DS18B20_ReadData  ds18b20srom.o
    0x08000894   0x00000090   Code   RO          807    i.DS18B20_ReadDesignateTemper  ds18b20srom.o
    0x08000924   0x00000064   Code   RO          809    i.DS18B20_Reset     ds18b20srom.o
    0x08000988   0x00000030   Code   RO          811    i.DS18B20_WriteBit  ds18b20srom.o
    0x080009b8   0x0000001e   Code   RO          812    i.DS18B20_WriteData  ds18b20srom.o
    0x080009d6   0x00000002   Code   RO          265    i.DebugMon_Handler  stm32f10x_it.o
    0x080009d8   0x00000034   Code   RO          813    i.Delay_init        ds18b20srom.o
    0x08000a0c   0x00000034   Code   RO          815    i.Delay_us          ds18b20srom.o
    0x08000a40   0x0000000c   Code   RO         3897    i.ETH_DMAClearITPendingBit  stm32_eth.o
    0x08000a4c   0x00000020   Code   RO         3898    i.ETH_DMAITConfig   stm32_eth.o
    0x08000a6c   0x00000024   Code   RO         3901    i.ETH_DMAReceptionCmd  stm32_eth.o
    0x08000a90   0x00000054   Code   RO         3902    i.ETH_DMARxDescChainInit  stm32_eth.o
    0x08000ae4   0x00000016   Code   RO         3904    i.ETH_DMARxDescReceiveITConfig  stm32_eth.o
    0x08000afa   0x00000002   PAD
    0x08000afc   0x00000024   Code   RO         3907    i.ETH_DMATransmissionCmd  stm32_eth.o
    0x08000b20   0x00000050   Code   RO         3910    i.ETH_DMATxDescChainInit  stm32_eth.o
    0x08000b70   0x00000016   Code   RO         3919    i.ETH_DeInit        stm32_eth.o
    0x08000b86   0x0000000e   Code   RO         3920    i.ETH_Delay         stm32_eth.o
    0x08000b94   0x00000014   Code   RO         3925    i.ETH_FlushTransmitFIFO  stm32_eth.o
    0x08000ba8   0x0000000c   Code   RO         5838    i.ETH_GetCurrentTxBuffer  ethernetif.o
    0x08000bb4   0x0000000a   Code   RO         3936    i.ETH_GetDMARxDescFrameLength  stm32_eth.o
    0x08000bbe   0x00000002   PAD
    0x08000bc0   0x00000048   Code   RO         3951    i.ETH_GetRxPktSize  stm32_eth.o
    0x08000c08   0x00000018   Code   RO         3952    i.ETH_GetSoftwareResetStatus  stm32_eth.o
    0x08000c20   0x00000020   Code   RO          266    i.ETH_IRQHandler    stm32f10x_it.o
    0x08000c40   0x0000024c   Code   RO         3959    i.ETH_Init          stm32_eth.o
    0x08000e8c   0x00000034   Code   RO         3962    i.ETH_MACAddressConfig  stm32_eth.o
    0x08000ec0   0x00000024   Code   RO         3967    i.ETH_MACReceptionCmd  stm32_eth.o
    0x08000ee4   0x00000024   Code   RO         3968    i.ETH_MACTransmissionCmd  stm32_eth.o
    0x08000f08   0x00000060   Code   RO         3979    i.ETH_ReadPHYRegister  stm32_eth.o
    0x08000f68   0x0000001c   Code   RO         5839    i.ETH_Recive_Poll   ethernetif.o
    0x08000f84   0x0000009c   Code   RO         5840    i.ETH_RxPkt_ChainMode  ethernetif.o
    0x08001020   0x00000014   Code   RO         3990    i.ETH_SoftwareReset  stm32_eth.o
    0x08001034   0x00000020   Code   RO         3991    i.ETH_Start         stm32_eth.o
    0x08001054   0x000000a4   Code   RO         3992    i.ETH_StructInit    stm32_eth.o
    0x080010f8   0x000000b4   Code   RO         5841    i.ETH_TxPkt_ChainMode  ethernetif.o
    0x080011ac   0x00000060   Code   RO         3994    i.ETH_WritePHYRegister  stm32_eth.o
    0x0800120c   0x00000088   Code   RO          338    i.Ethernet_Configuration  stm32f107.o
    0x08001294   0x00000078   Code   RO          496    i.FS_Write          filesystem.o
    0x0800130c   0x0000012c   Code   RO          497    i.FS_Writehtml      filesystem.o
    0x08001438   0x0000005c   Code   RO          499    i.FileSysteWrite    filesystem.o
    0x08001494   0x00000014   Code   RO          500    i.FileSystemClose   filesystem.o
    0x080014a8   0x0000005c   Code   RO          502    i.FileSystemInit    filesystem.o
    0x08001504   0x00000008   Code   RO          503    i.FileSystemThread  filesystem.o
    0x0800150c   0x00000050   Code   RO          504    i.FindFileString    filesystem.o
    0x0800155c   0x0000010c   Code   RO          339    i.GPIO_Configuration  stm32f107.o
    0x08001668   0x0000000c   Code   RO         2024    i.GPIO_ETH_MediaInterfaceConfig  stm32f10x_gpio.o
    0x08001674   0x00000112   Code   RO         2028    i.GPIO_Init         stm32f10x_gpio.o
    0x08001786   0x00000002   PAD
    0x08001788   0x00000070   Code   RO         2030    i.GPIO_PinRemapConfig  stm32f10x_gpio.o
    0x080017f8   0x00000012   Code   RO         2032    i.GPIO_ReadInputDataBit  stm32f10x_gpio.o
    0x0800180a   0x00000004   Code   RO         2035    i.GPIO_ResetBits    stm32f10x_gpio.o
    0x0800180e   0x00000004   Code   RO         2036    i.GPIO_SetBits      stm32f10x_gpio.o
    0x08001812   0x00000002   PAD
    0x08001814   0x00000008   Code   RO          923    i.GetRomAddr        ds18b20sech.o
    0x0800181c   0x00000008   Code   RO          267    i.HardFault_Handler  stm32f10x_it.o
    0x08001824   0x00000030   Code   RO         7036    i.Http_File_System_Init  httpd.o
    0x08001854   0x0000009a   Code   RO            2    i.InitTIM           main.o
    0x080018ee   0x00000002   PAD
    0x080018f0   0x0000002c   Code   RO          816    i.Init_DS18B20_IO   ds18b20srom.o
    0x0800191c   0x00000060   Code   RO          163    i.LwIP_Init         netconf.o
    0x0800197c   0x00000040   Code   RO          164    i.LwIP_Periodic_Handle  netconf.o
    0x080019bc   0x00000010   Code   RO          165    i.LwIP_Pkt_Handle   netconf.o
    0x080019cc   0x00000004   Code   RO          268    i.MemManage_Handler  stm32f10x_it.o
    0x080019d0   0x00000002   Code   RO          269    i.NMI_Handler       stm32f10x_it.o
    0x080019d2   0x00000034   Code   RO          340    i.NVIC_Configuration  stm32f107.o
    0x08001a06   0x00000002   PAD
    0x08001a08   0x00000084   Code   RO         1007    i.NVIC_Init         misc.o
    0x08001a8c   0x00000014   Code   RO         1008    i.NVIC_PriorityGroupConfig  misc.o
    0x08001aa0   0x00000028   Code   RO          341    i.NVIC_SetPriority  stm32f107.o
    0x08001ac8   0x00000014   Code   RO         1009    i.NVIC_SetVectorTable  misc.o
    0x08001adc   0x00000024   Code   RO          925    i.OWFirst           ds18b20sech.o
    0x08001b00   0x00000008   Code   RO          927    i.OWReadBit         ds18b20sech.o
    0x08001b08   0x00000008   Code   RO          928    i.OWReset           ds18b20sech.o
    0x08001b10   0x00000134   Code   RO          929    i.OWSearch          ds18b20sech.o
    0x08001c44   0x0000000c   Code   RO          932    i.OWWriteBit        ds18b20sech.o
    0x08001c50   0x0000000c   Code   RO          933    i.OWWriteByte       ds18b20sech.o
    0x08001c5c   0x00000002   Code   RO          270    i.PendSV_Handler    stm32f10x_it.o
    0x08001c5e   0x00000002   PAD
    0x08001c60   0x00000020   Code   RO         2443    i.RCC_AHBPeriphClockCmd  stm32f10x_rcc.o
    0x08001c80   0x00000020   Code   RO         2444    i.RCC_AHBPeriphResetCmd  stm32f10x_rcc.o
    0x08001ca0   0x00000020   Code   RO         2445    i.RCC_APB1PeriphClockCmd  stm32f10x_rcc.o
    0x08001cc0   0x00000020   Code   RO         2447    i.RCC_APB2PeriphClockCmd  stm32f10x_rcc.o
    0x08001ce0   0x00000190   Code   RO         2455    i.RCC_GetClocksFreq  stm32f10x_rcc.o
    0x08001e70   0x0000000c   Code   RO         2467    i.RCC_MCOConfig     stm32f10x_rcc.o
    0x08001e7c   0x00000054   Code   RO         5842    i.Read_Eth_Packet   ethernetif.o
    0x08001ed0   0x00000018   Code   RO         2983    i.SPI_Cmd           stm32f10x_spi.o
    0x08001ee8   0x0000009c   Code   RO         6981    i.SPI_Config        sd_stm32.o
    0x08001f84   0x00000012   Code   RO         2991    i.SPI_I2S_GetFlagStatus  stm32f10x_spi.o
    0x08001f96   0x00000006   Code   RO         2994    i.SPI_I2S_ReceiveData  stm32f10x_spi.o
    0x08001f9c   0x00000004   Code   RO         2995    i.SPI_I2S_SendData  stm32f10x_spi.o
    0x08001fa0   0x0000003c   Code   RO         2996    i.SPI_Init          stm32f10x_spi.o
    0x08001fdc   0x00000002   Code   RO          271    i.SVC_Handler       stm32f10x_it.o
    0x08001fde   0x00000002   PAD
    0x08001fe0   0x00000010   Code   RO          381    i.SendDataToSever   client_tcpudp.o
    0x08001ff0   0x0000002c   Code   RO          817    i.Set18b20IOin      ds18b20srom.o
    0x0800201c   0x0000002c   Code   RO          818    i.Set18b20IOout     ds18b20srom.o
    0x08002048   0x00000008   Code   RO         5922    i.SetSysClock       system_stm32f10x.o
    0x08002050   0x00000118   Code   RO         5923    i.SetSysClockTo72   system_stm32f10x.o
    0x08002168   0x0000002c   Code   RO         5843    i.Set_MAC_Address   ethernetif.o
    0x08002194   0x00000008   Code   RO          272    i.SysTick_Handler   stm32f10x_it.o
    0x0800219c   0x00000060   Code   RO         5924    i.SystemInit        system_stm32f10x.o
    0x080021fc   0x00000076   Code   RO          342    i.System_Setup      stm32f107.o
    0x08002272   0x00000002   PAD
    0x08002274   0x0000002c   Code   RO            3    i.TIM2_IRQHandler   main.o
    0x080022a0   0x00000018   Code   RO         3126    i.TIM_ARRPreloadConfig  stm32f10x_tim.o
    0x080022b8   0x00000006   Code   RO         3132    i.TIM_ClearFlag     stm32f10x_tim.o
    0x080022be   0x00000006   Code   RO         3133    i.TIM_ClearITPendingBit  stm32f10x_tim.o
    0x080022c4   0x00000018   Code   RO         3138    i.TIM_Cmd           stm32f10x_tim.o
    0x080022dc   0x00000022   Code   RO         3159    i.TIM_GetITStatus   stm32f10x_tim.o
    0x080022fe   0x00000018   Code   RO         3163    i.TIM_ITConfig      stm32f10x_tim.o
    0x08002316   0x00000004   Code   RO         3203    i.TIM_SetCounter    stm32f10x_tim.o
    0x0800231a   0x00000002   PAD
    0x0800231c   0x0000003c   Code   RO         3209    i.TIM_TimeBaseInit  stm32f10x_tim.o
    0x08002358   0x00000068   Code   RO          382    i.TcpTestThread     client_tcpudp.o
    0x080023c0   0x00000040   Code   RO          383    i.Tcp_accept        client_tcpudp.o
    0x08002400   0x00000028   Code   RO          384    i.Tcp_recv          client_tcpudp.o
    0x08002428   0x000000dc   Code   RO          819    i.TemperatureThread  ds18b20srom.o
    0x08002504   0x0000005c   Code   RO          609    i.TftpTrm250ms      tftpserver.o
    0x08002560   0x00000002   Code   RO            4    i.Time_Update       main.o
    0x08002562   0x00000002   PAD
    0x08002564   0x0000008c   Code   RO          385    i.UDPSendData       client_tcpudp.o
    0x080025f0   0x00000004   Code   RO          273    i.UsageFault_Handler  stm32f10x_it.o
    0x080025f4   0x00000020   Code   RO          820    i.Write18b20IO      ds18b20srom.o
    0x08002614   0x0000000e   Code   RO         7256    i.__scatterload_copy  mc_w.l(handlers.o)(mc_w.l)
    0x08002622   0x00000002   Code   RO         7257    i.__scatterload_null  mc_w.l(handlers.o)(mc_w.l)
    0x08002624   0x0000000e   Code   RO         7258    i.__scatterload_zeroinit  mc_w.l(handlers.o)(mc_w.l)
    0x08002632   0x00000002   Code   RO          386    i.conn_err          client_tcpudp.o
    0x08002634   0x0000005a   Code   RO         6875    i.crc7              sd.o
    0x0800268e   0x0000006e   Code   RO         5957    i.dir_addCluster    dir.o
    0x080026fc   0x00000036   Code   RO         5958    i.dir_createDefaultEntry  dir.o
    0x08002732   0x00000030   Code   RO         5959    i.dir_createDirectoryEntry  dir.o
    0x08002762   0x0000006c   Code   RO         5960    i.dir_findFileinBuf  dir.o
    0x080027ce   0x00000048   Code   RO         5961    i.dir_findFreeEntryinBuf  dir.o
    0x08002816   0x00000030   Code   RO         5962    i.dir_findinBuf     dir.o
    0x08002846   0x00000072   Code   RO         5963    i.dir_findinCluster  dir.o
    0x080028b8   0x0000006a   Code   RO         5964    i.dir_findinDir     dir.o
    0x08002922   0x0000007e   Code   RO         5965    i.dir_findinRootArea  dir.o
    0x080029a0   0x00000048   Code   RO         5966    i.dir_getFatFileName  dir.o
    0x080029e8   0x00000030   Code   RO         5967    i.dir_getFileStructure  dir.o
    0x08002a18   0x0000002a   Code   RO         5968    i.dir_setFileSize   dir.o
    0x08002a42   0x00000034   Code   RO         5969    i.dir_setFirstCluster  dir.o
    0x08002a76   0x00000032   Code   RO         5970    i.dir_updateDirectoryEntry  dir.o
    0x08002aa8   0x00000014   Code   RO         6050    i.disc_initDisc     disc.o
    0x08002abc   0x0000003c   Code   RO         6051    i.disc_loadMBR      disc.o
    0x08002af8   0x00000020   Code   RO          934    i.docrc8            ds18b20sech.o
    0x08002b18   0x00000074   Code   RO         6071    i.efs_init          efs.o
    0x08002b8c   0x00000160   Code   RO         5747    i.etharp_arp_input  etharp.o
    0x08002cec   0x0000019c   Code   RO         5750    i.etharp_find_entry  etharp.o
    0x08002e88   0x00000040   Code   RO         5751    i.etharp_free_entry  etharp.o
    0x08002ec8   0x00000174   Code   RO         5752    i.etharp_output     etharp.o
    0x0800303c   0x00000080   Code   RO         5753    i.etharp_output_to_arp_index  etharp.o
    0x080030bc   0x000001b0   Code   RO         5754    i.etharp_query      etharp.o
    0x0800326c   0x000000ec   Code   RO         5755    i.etharp_raw        etharp.o
    0x08003358   0x0000002c   Code   RO         5756    i.etharp_request    etharp.o
    0x08003384   0x00000044   Code   RO         5757    i.etharp_send_ip    etharp.o
    0x080033c8   0x0000008c   Code   RO         5758    i.etharp_tmr        etharp.o
    0x08003454   0x000000c4   Code   RO         5759    i.etharp_update_arp_entry  etharp.o
    0x08003518   0x000000ec   Code   RO         5760    i.ethernet_input    etharp.o
    0x08003604   0x00000058   Code   RO         5844    i.ethernetif_init   ethernetif.o
    0x0800365c   0x0000002c   Code   RO         5845    i.ethernetif_input  ethernetif.o
    0x08003688   0x0000004c   Code   RO         6086    i.ex_getPartitionField  extract.o
    0x080036d4   0x00000010   Code   RO         6087    i.ex_getb16         extract.o
    0x080036e4   0x0000001e   Code   RO         6088    i.ex_getb32         extract.o
    0x08003702   0x00000046   Code   RO         6128    i.fat_DiscToLogicCluster  fat.o
    0x08003748   0x0000005c   Code   RO         6129    i.fat_LogicToDiscCluster  fat.o
    0x080037a4   0x0000013c   Code   RO         6130    i.fat_allocClusterChain  fat.o
    0x080038e0   0x00000038   Code   RO         6131    i.fat_countClustersInChain  fat.o
    0x08003918   0x000000bc   Code   RO         6133    i.fat_getNextClusterAddress  fat.o
    0x080039d4   0x0000009c   Code   RO         6134    i.fat_getNextClusterAddressWBuf  fat.o
    0x08003a70   0x000000ac   Code   RO         6135    i.fat_getNextClusterChain  fat.o
    0x08003b1c   0x00000052   Code   RO         6136    i.fat_getSectorAddressFatEntry  fat.o
    0x08003b6e   0x0000002a   Code   RO         6137    i.fat_giveEocMarker  fat.o
    0x08003b98   0x0000004c   Code   RO         6138    i.fat_isEocMarker   fat.o
    0x08003be4   0x00000120   Code   RO         6139    i.fat_setNextClusterAddress  fat.o
    0x08003d04   0x000000e0   Code   RO         6140    i.fat_setNextClusterAddressWBuf  fat.o
    0x08003de4   0x00000068   Code   RO         6221    i.file_fclose       file.o
    0x08003e4c   0x0000027c   Code   RO         6222    i.file_fopen        file.o
    0x080040c8   0x00000100   Code   RO         6223    i.file_fread        file.o
    0x080041c8   0x00000148   Code   RO         6224    i.file_fwrite       file.o
    0x08004310   0x0000000e   Code   RO         6225    i.file_getAttr      file.o
    0x0800431e   0x00000032   Code   RO         6226    i.file_initFile     file.o
    0x08004350   0x00000096   Code   RO         6227    i.file_normalToFatName  file.o
    0x080043e6   0x00000024   Code   RO         6228    i.file_read         file.o
    0x0800440a   0x00000070   Code   RO         6229    i.file_requiredCluster  file.o
    0x0800447a   0x00000026   Code   RO         6230    i.file_setAttr      file.o
    0x080044a0   0x00000014   Code   RO         6231    i.file_setpos       file.o
    0x080044b4   0x00000044   Code   RO         6232    i.file_validateChar  file.o
    0x080044f8   0x00000024   Code   RO         6233    i.file_write        file.o
    0x0800451c   0x0000000a   Code   RO         7178    i.fs_bytes_left     fs_lwip.o
    0x08004526   0x00000046   Code   RO         6305    i.fs_clearCluster   fs.o
    0x0800456c   0x00000002   Code   RO         7179    i.fs_close          fs_lwip.o
    0x0800456e   0x0000003a   Code   RO         6306    i.fs_clusterToSector  fs.o
    0x080045a8   0x00000058   Code   RO         6307    i.fs_countDataSectors  fs.o
    0x08004600   0x00000034   Code   RO         6308    i.fs_determineFatType  fs.o
    0x08004634   0x000000d0   Code   RO         6309    i.fs_findFile       fs.o
    0x08004704   0x0000002e   Code   RO         6310    i.fs_findFirstSectorRootDir  fs.o
    0x08004732   0x00000070   Code   RO         6311    i.fs_findFreeFile   fs.o
    0x080047a2   0x00000010   Code   RO         6312    i.fs_flushFs        fs.o
    0x080047b2   0x00000012   Code   RO         6313    i.fs_getFirstClusterRootDir  fs.o
    0x080047c4   0x0000003c   Code   RO         6315    i.fs_getLastCluster  fs.o
    0x08004800   0x00000026   Code   RO         6316    i.fs_getNextFreeCluster  fs.o
    0x08004826   0x00000006   Code   RO         6317    i.fs_giveFreeClusterHint  fs.o
    0x0800482c   0x00000004   Code   RO         6827    i.fs_hasTimeSupport  time.o
    0x08004830   0x00000010   Code   RO         6318    i.fs_initClusterChain  fs.o
    0x08004840   0x0000000e   Code   RO         6319    i.fs_initCurrentDir  fs.o
    0x0800484e   0x00000048   Code   RO         6320    i.fs_initFs         fs.o
    0x08004896   0x00000032   Code   RO         6321    i.fs_isValidFat     fs.o
    0x080048c8   0x00000074   Code   RO         6322    i.fs_loadVolumeId   fs.o
    0x0800493c   0x00000044   Code   RO         7180    i.fs_open           fs_lwip.o
    0x08004980   0x00000008   Code   RO         6324    i.fs_setFirstClusterInDirEntry  fs.o
    0x08004988   0x0000000c   Code   RO         6326    i.fs_umount         fs.o
    0x08004994   0x000000b2   Code   RO         6327    i.fs_verifySanity   fs.o
    0x08004a46   0x00000006   Code   RO         6876    i.get_spi_BaudRatePrescaler  sd.o
    0x08004a4c   0x0000008c   Code   RO         7037    i.http_accept       httpd.o
    0x08004ad8   0x0000003a   Code   RO         7038    i.http_check_eof    httpd.o
    0x08004b12   0x00000012   Code   RO         7039    i.http_close_conn   httpd.o
    0x08004b24   0x00000068   Code   RO         7040    i.http_close_or_abort_conn  httpd.o
    0x08004b8c   0x00000010   Code   RO         7041    i.http_eof          httpd.o
    0x08004b9c   0x00000012   Code   RO         7042    i.http_err          httpd.o
    0x08004bae   0x00000002   PAD
    0x08004bb0   0x000000d8   Code   RO         7043    i.http_find_file    httpd.o
    0x08004c88   0x00000064   Code   RO         7044    i.http_get_404_file  httpd.o
    0x08004cec   0x00000084   Code   RO         7045    i.http_init_file    httpd.o
    0x08004d70   0x00000164   Code   RO         7046    i.http_parse_request  httpd.o
    0x08004ed4   0x00000052   Code   RO         7047    i.http_poll         httpd.o
    0x08004f26   0x000000a2   Code   RO         7048    i.http_recv         httpd.o
    0x08004fc8   0x00000048   Code   RO         7049    i.http_send         httpd.o
    0x08005010   0x0000006a   Code   RO         7050    i.http_send_data_nonssi  httpd.o
    0x0800507a   0x00000026   Code   RO         7051    i.http_sent         httpd.o
    0x080050a0   0x00000016   Code   RO         7052    i.http_state_alloc  httpd.o
    0x080050b6   0x00000022   Code   RO         7053    i.http_state_eof    httpd.o
    0x080050d8   0x00000014   Code   RO         7054    i.http_state_free   httpd.o
    0x080050ec   0x0000000e   Code   RO         7055    i.http_state_init   httpd.o
    0x080050fa   0x00000002   PAD
    0x080050fc   0x000000dc   Code   RO         7056    i.http_write        httpd.o
    0x080051d8   0x00000010   Code   RO         7057    i.httpd_init        httpd.o
    0x080051e8   0x00000060   Code   RO         7058    i.httpd_init_addr   httpd.o
    0x08005248   0x00000012   Code   RO         5452    i.icmp_dest_unreach  icmp.o
    0x0800525a   0x00000002   PAD
    0x0800525c   0x00000220   Code   RO         5453    i.icmp_input        icmp.o
    0x0800547c   0x00000090   Code   RO         5454    i.icmp_send_response  icmp.o
    0x0800550c   0x00000012   Code   RO         5455    i.icmp_time_exceeded  icmp.o
    0x0800551e   0x0000004c   Code   RO         6982    i.if_initInterface  sd_stm32.o
    0x0800556a   0x00000018   Code   RO         6983    i.if_readBuf        sd_stm32.o
    0x08005582   0x00000002   PAD
    0x08005584   0x0000002c   Code   RO         6985    i.if_spiInit        sd_stm32.o
    0x080055b0   0x00000054   Code   RO         6986    i.if_spiSend        sd_stm32.o
    0x08005604   0x00000014   Code   RO         6987    i.if_writeBuf       sd_stm32.o
    0x08005618   0x00000014   Code   RO         5497    i.inet_chksum       inet_chksum.o
    0x0800562c   0x00000056   Code   RO         5498    i.inet_chksum_pbuf  inet_chksum.o
    0x08005682   0x000000a4   Code   RO         5499    i.inet_chksum_pseudo  inet_chksum.o
    0x08005726   0x0000002a   Code   RO         6450    i.ioman_decUseCnt   ioman.o
    0x08005750   0x00000086   Code   RO         6451    i.ioman_directSectorRead  ioman.o
    0x080057d6   0x000000a8   Code   RO         6452    i.ioman_directSectorWrite  ioman.o
    0x0800587e   0x00000028   Code   RO         6453    i.ioman_findFreeSpot  ioman.o
    0x080058a6   0x00000074   Code   RO         6454    i.ioman_findOverallocableSpot  ioman.o
    0x0800591a   0x00000036   Code   RO         6455    i.ioman_findSectorInCache  ioman.o
    0x08005950   0x0000008e   Code   RO         6456    i.ioman_findUnusedSpot  ioman.o
    0x080059de   0x0000006e   Code   RO         6458    i.ioman_flushRange  ioman.o
    0x08005a4c   0x00000060   Code   RO         6459    i.ioman_flushSector  ioman.o
    0x08005aac   0x00000020   Code   RO         6460    i.ioman_getAttr     ioman.o
    0x08005acc   0x0000002e   Code   RO         6461    i.ioman_getBp       ioman.o
    0x08005afa   0x00000008   Code   RO         6462    i.ioman_getBuffer   ioman.o
    0x08005b02   0x00000018   Code   RO         6463    i.ioman_getPtr      ioman.o
    0x08005b1a   0x00000018   Code   RO         6464    i.ioman_getRefCnt   ioman.o
    0x08005b32   0x00000144   Code   RO         6465    i.ioman_getSector   ioman.o
    0x08005c76   0x00000018   Code   RO         6466    i.ioman_getUseCnt   ioman.o
    0x08005c8e   0x0000002c   Code   RO         6467    i.ioman_incRefCnt   ioman.o
    0x08005cba   0x0000002c   Code   RO         6468    i.ioman_incUseCnt   ioman.o
    0x08005ce6   0x00000024   Code   RO         6469    i.ioman_init        ioman.o
    0x08005d0a   0x00000080   Code   RO         6470    i.ioman_pop         ioman.o
    0x08005d8a   0x00000078   Code   RO         6472    i.ioman_push        ioman.o
    0x08005e02   0x0000004c   Code   RO         6473    i.ioman_putSectorInCache  ioman.o
    0x08005e4e   0x0000002e   Code   RO         6474    i.ioman_readSector  ioman.o
    0x08005e7c   0x0000005a   Code   RO         6475    i.ioman_releaseSector  ioman.o
    0x08005ed6   0x0000007a   Code   RO         6476    i.ioman_reset       ioman.o
    0x08005f50   0x00000026   Code   RO         6477    i.ioman_resetCacheItem  ioman.o
    0x08005f76   0x0000003e   Code   RO         6480    i.ioman_setAttr     ioman.o
    0x08005fb4   0x00000030   Code   RO         6481    i.ioman_writeSector  ioman.o
    0x08005fe4   0x0000004e   Code   RO         5577    i.ip4_addr_isbroadcast  ip_addr.o
    0x08006032   0x00000002   PAD
    0x08006034   0x000001c8   Code   RO         5630    i.ip_frag           ip_frag.o
    0x080061fc   0x0000000a   Code   RO         5631    i.ip_frag_alloc_pbuf_custom_ref  ip_frag.o
    0x08006206   0x00000018   Code   RO         5632    i.ip_frag_free_pbuf_custom_ref  ip_frag.o
    0x0800621e   0x00000002   PAD
    0x08006220   0x00000238   Code   RO         5538    i.ip_input          ip.o
    0x08006458   0x00000058   Code   RO         5539    i.ip_output         ip.o
    0x080064b0   0x00000140   Code   RO         5540    i.ip_output_if      ip.o
    0x080065f0   0x000001cc   Code   RO         5633    i.ip_reass          ip_frag.o
    0x080067bc   0x0000019c   Code   RO         5634    i.ip_reass_chain_frag_into_datagram_and_validate  ip_frag.o
    0x08006958   0x00000034   Code   RO         5635    i.ip_reass_dequeue_datagram  ip_frag.o
    0x0800698c   0x00000064   Code   RO         5636    i.ip_reass_enqueue_new_datagram  ip_frag.o
    0x080069f0   0x000000d8   Code   RO         5637    i.ip_reass_free_complete_datagram  ip_frag.o
    0x08006ac8   0x0000007c   Code   RO         5638    i.ip_reass_remove_oldest_datagram  ip_frag.o
    0x08006b44   0x00000068   Code   RO         5541    i.ip_route          ip.o
    0x08006bac   0x0000002e   Code   RO         5640    i.ipfrag_free_pbuf_custom  ip_frag.o
    0x08006bda   0x00000002   PAD
    0x08006bdc   0x0000008c   Code   RO         5846    i.low_level_init    ethernetif.o
    0x08006c68   0x0000004c   Code   RO         5847    i.low_level_input   ethernetif.o
    0x08006cb4   0x00000034   Code   RO         5848    i.low_level_output  ethernetif.o
    0x08006ce8   0x00000044   Code   RO         6662    i.ls_openDir        ls.o
    0x08006d2c   0x0000001a   Code   RO         4503    i.lwip_htonl        def.o
    0x08006d46   0x0000000c   Code   RO         4504    i.lwip_htons        def.o
    0x08006d52   0x0000000c   Code   RO         4505    i.lwip_ntohl        def.o
    0x08006d5e   0x0000000c   Code   RO         4506    i.lwip_ntohs        def.o
    0x08006d6a   0x0000005e   Code   RO         5501    i.lwip_standard_chksum  inet_chksum.o
    0x08006dc8   0x00000054   Code   RO            5    i.main              main.o
    0x08006e1c   0x00000012   Code   RO         6791    i.memClr            plibc.o
    0x08006e2e   0x00000018   Code   RO         6792    i.memCpy            plibc.o
    0x08006e46   0x00000002   PAD
    0x08006e48   0x000000a4   Code   RO         4598    i.mem_free          mem.o
    0x08006eec   0x00000068   Code   RO         4599    i.mem_init          mem.o
    0x08006f54   0x0000019c   Code   RO         4600    i.mem_malloc        mem.o
    0x080070f0   0x00000194   Code   RO         4601    i.mem_trim          mem.o
    0x08007284   0x00000060   Code   RO         4642    i.memp_free         memp.o
    0x080072e4   0x0000009c   Code   RO         4643    i.memp_init         memp.o
    0x08007380   0x000000c4   Code   RO         4644    i.memp_malloc       memp.o
    0x08007444   0x0000002c   Code   RO         6988    i.my_if_spiSend     sd_stm32.o
    0x08007470   0x00000038   Code   RO          587    i.netbios_init      netbios.o
    0x080074a8   0x00000080   Code   RO          588    i.netbios_name_decoding  netbios.o
    0x08007528   0x000000e8   Code   RO          589    i.netbios_recv      netbios.o
    0x08007610   0x00000074   Code   RO         4686    i.netif_add         netif.o
    0x08007684   0x00000028   Code   RO         4690    i.netif_set_addr    netif.o
    0x080076ac   0x0000000c   Code   RO         4691    i.netif_set_default  netif.o
    0x080076b8   0x0000000c   Code   RO         4693    i.netif_set_gw      netif.o
    0x080076c4   0x00000078   Code   RO         4694    i.netif_set_ipaddr  netif.o
    0x0800773c   0x0000000c   Code   RO         4697    i.netif_set_netmask  netif.o
    0x08007748   0x00000036   Code   RO         4698    i.netif_set_up      netif.o
    0x0800777e   0x00000024   Code   RO         6722    i.part_directSectorRead  partition.o
    0x080077a2   0x00000024   Code   RO         6723    i.part_directSectorWrite  partition.o
    0x080077c6   0x0000002e   Code   RO         6724    i.part_flushPart    partition.o
    0x080077f4   0x00000014   Code   RO         6725    i.part_getRealLBA   partition.o
    0x08007808   0x00000024   Code   RO         6726    i.part_getSect      partition.o
    0x0800782c   0x0000002e   Code   RO         6727    i.part_initPartition  partition.o
    0x0800785a   0x00000026   Code   RO         6728    i.part_isFatPart    partition.o
    0x08007880   0x00000012   Code   RO         6730    i.part_relSect      partition.o
    0x08007892   0x0000020a   Code   RO         4783    i.pbuf_alloc        pbuf.o
    0x08007a9c   0x00000070   Code   RO         4784    i.pbuf_alloced_custom  pbuf.o
    0x08007b0c   0x00000050   Code   RO         4785    i.pbuf_cat          pbuf.o
    0x08007b5c   0x00000016   Code   RO         4786    i.pbuf_chain        pbuf.o
    0x08007b72   0x00000012   Code   RO         4787    i.pbuf_clen         pbuf.o
    0x08007b84   0x000000e4   Code   RO         4789    i.pbuf_copy         pbuf.o
    0x08007c68   0x0000009a   Code   RO         4790    i.pbuf_copy_partial  pbuf.o
    0x08007d02   0x000000ba   Code   RO         4792    i.pbuf_free         pbuf.o
    0x08007dbc   0x0000008c   Code   RO         4794    i.pbuf_header       pbuf.o
    0x08007e48   0x000000b0   Code   RO         4797    i.pbuf_realloc      pbuf.o
    0x08007ef8   0x0000000a   Code   RO         4798    i.pbuf_ref          pbuf.o
    0x08007f02   0x00000002   PAD
    0x08007f04   0x000000b4   Code   RO         4602    i.plug_holes        mem.o
    0x08007fb8   0x000001ac   Code   RO          610    i.process_tftp_request  tftpserver.o
    0x08008164   0x00000074   Code   RO         4902    i.raw_input         raw.o
    0x080081d8   0x00000022   Code   RO          611    i.recv_callback_tftp  tftpserver.o
    0x080081fa   0x00000002   PAD
    0x080081fc   0x00000070   Code   RO          612    i.rrq_recv_callback  tftpserver.o
    0x0800826c   0x00000052   Code   RO         6877    i.sd_Command        sd.o
    0x080082be   0x00000084   Code   RO         6878    i.sd_Command_crc    sd.o
    0x08008342   0x00000002   PAD
    0x08008344   0x00000278   Code   RO         6879    i.sd_Init           sd.o
    0x080085bc   0x00000020   Code   RO         6880    i.sd_Resp16b        sd.o
    0x080085dc   0x00000026   Code   RO         6881    i.sd_Resp8b         sd.o
    0x08008602   0x00000034   Code   RO         6882    i.sd_Resp8bError    sd.o
    0x08008636   0x00000070   Code   RO         6883    i.sd_State          sd.o
    0x080086a6   0x00000002   PAD
    0x080086a8   0x00000154   Code   RO         6884    i.sd_getDriveSize   sd.o
    0x080087fc   0x000000a8   Code   RO         6885    i.sd_readSector     sd.o
    0x080088a4   0x00000084   Code   RO         6886    i.sd_writeSector    sd.o
    0x08008928   0x00000020   Code   RO         6794    i.strMatch          plibc.o
    0x08008948   0x0000004a   Code   RO         7059    i.strnstr           httpd.o
    0x08008992   0x00000002   PAD
    0x08008994   0x000000a0   Code   RO         4981    i.tcp_abandon       tcp.o
    0x08008a34   0x0000000e   Code   RO         4982    i.tcp_abort         tcp.o
    0x08008a42   0x00000004   Code   RO         4983    i.tcp_accept        tcp.o
    0x08008a46   0x00000008   Code   RO         4984    i.tcp_accept_null   tcp.o
    0x08008a4e   0x00000002   PAD
    0x08008a50   0x00000118   Code   RO         4985    i.tcp_alloc         tcp.o
    0x08008b68   0x00000004   Code   RO         4986    i.tcp_arg           tcp.o
    0x08008b6c   0x0000009c   Code   RO         4987    i.tcp_bind          tcp.o
    0x08008c08   0x00000068   Code   RO          387    i.tcp_client_callback  client_tcpudp.o
    0x08008c70   0x00000060   Code   RO          388    i.tcp_client_connected  client_tcpudp.o
    0x08008cd0   0x0000002c   Code   RO          389    i.tcp_client_err    client_tcpudp.o
    0x08008cfc   0x0000026c   Code   RO          391    i.tcp_client_reciver  client_tcpudp.o
    0x08008f68   0x0000001c   Code   RO         4988    i.tcp_close         tcp.o
    0x08008f84   0x000001d4   Code   RO         4989    i.tcp_close_shutdown  tcp.o
    0x08009158   0x00000158   Code   RO         4990    i.tcp_connect       tcp.o
    0x080092b0   0x000000c4   Code   RO         5266    i.tcp_create_segment  tcp_out.o
    0x08009374   0x0000002e   Code   RO         4992    i.tcp_eff_send_mss  tcp.o
    0x080093a2   0x00000002   PAD
    0x080093a4   0x0000018c   Code   RO         5267    i.tcp_enqueue_flags  tcp_out.o
    0x08009530   0x00000014   Code   RO         4993    i.tcp_err           tcp.o
    0x08009544   0x00000084   Code   RO         4994    i.tcp_fasttmr       tcp.o
    0x080095c8   0x0000057c   Code   RO         5215    i.tcp_input         tcp_in.o
    0x08009b44   0x00000068   Code   RO         5268    i.tcp_keepalive     tcp_out.o
    0x08009bac   0x00000054   Code   RO         4996    i.tcp_kill_prio     tcp.o
    0x08009c00   0x0000003c   Code   RO         4997    i.tcp_kill_timewait  tcp.o
    0x08009c3c   0x00000144   Code   RO         5216    i.tcp_listen_input  tcp_in.o
    0x08009d80   0x000000dc   Code   RO         4998    i.tcp_listen_with_backlog  tcp.o
    0x08009e5c   0x0000000a   Code   RO         4999    i.tcp_new           tcp.o
    0x08009e66   0x00000002   PAD
    0x08009e68   0x00000068   Code   RO         5000    i.tcp_new_port      tcp.o
    0x08009ed0   0x0000001c   Code   RO         5001    i.tcp_next_iss      tcp.o
    0x08009eec   0x000001d4   Code   RO         5269    i.tcp_output        tcp_out.o
    0x0800a0c0   0x00000086   Code   RO         5270    i.tcp_output_alloc_header  tcp_out.o
    0x0800a146   0x00000002   PAD
    0x0800a148   0x000000f4   Code   RO         5271    i.tcp_output_segment  tcp_out.o
    0x0800a23c   0x000000b4   Code   RO         5217    i.tcp_parseopt      tcp_in.o
    0x0800a2f0   0x00000080   Code   RO         5272    i.tcp_pbuf_prealloc  tcp_out.o
    0x0800a370   0x00000040   Code   RO         5002    i.tcp_pcb_purge     tcp.o
    0x0800a3b0   0x000000a0   Code   RO         5003    i.tcp_pcb_remove    tcp.o
    0x0800a450   0x00000018   Code   RO         5004    i.tcp_poll          tcp.o
    0x0800a468   0x000005a4   Code   RO         5218    i.tcp_process       tcp_in.o
    0x0800aa0c   0x0000008c   Code   RO         5005    i.tcp_process_refused_data  tcp.o
    0x0800aa98   0x000006d8   Code   RO         5219    i.tcp_receive       tcp_in.o
    0x0800b170   0x00000012   Code   RO         5006    i.tcp_recv          tcp.o
    0x0800b182   0x0000002e   Code   RO         5007    i.tcp_recv_null     tcp.o
    0x0800b1b0   0x00000060   Code   RO         5008    i.tcp_recved        tcp.o
    0x0800b210   0x0000005a   Code   RO         5273    i.tcp_rexmit        tcp_out.o
    0x0800b26a   0x00000070   Code   RO         5274    i.tcp_rexmit_fast   tcp_out.o
    0x0800b2da   0x0000003a   Code   RO         5275    i.tcp_rexmit_rto    tcp_out.o
    0x0800b314   0x000000ac   Code   RO         5276    i.tcp_rst           tcp_out.o
    0x0800b3c0   0x0000001a   Code   RO         5009    i.tcp_seg_free      tcp.o
    0x0800b3da   0x00000018   Code   RO         5010    i.tcp_segs_free     tcp.o
    0x0800b3f2   0x00000060   Code   RO         5277    i.tcp_send_empty_ack  tcp_out.o
    0x0800b452   0x0000004a   Code   RO         5278    i.tcp_send_fin      tcp_out.o
    0x0800b49c   0x00000012   Code   RO         5011    i.tcp_sent          tcp.o
    0x0800b4ae   0x00000004   Code   RO         5012    i.tcp_setprio       tcp.o
    0x0800b4b2   0x00000002   PAD
    0x0800b4b4   0x00000038   Code   RO          392    i.tcp_sever_test    client_tcpudp.o
    0x0800b4ec   0x0000038c   Code   RO         5014    i.tcp_slowtmr       tcp.o
    0x0800b878   0x00000002   Code   RO         5696    i.tcp_timer_needed  timers.o
    0x0800b87a   0x00000002   PAD
    0x0800b87c   0x000000ac   Code   RO         5220    i.tcp_timewait_input  tcp_in.o
    0x0800b928   0x00000024   Code   RO         5015    i.tcp_tmr           tcp.o
    0x0800b94c   0x00000058   Code   RO         5016    i.tcp_update_rcv_ann_wnd  tcp.o
    0x0800b9a4   0x00000404   Code   RO         5279    i.tcp_write         tcp_out.o
    0x0800bda8   0x0000009c   Code   RO         5280    i.tcp_write_checks  tcp_out.o
    0x0800be44   0x000000cc   Code   RO         5281    i.tcp_zero_window_probe  tcp_out.o
    0x0800bf10   0x00000044   Code   RO          613    i.tftp_cleanup_rd   tftpserver.o
    0x0800bf54   0x00000044   Code   RO          614    i.tftp_cleanup_wr   tftpserver.o
    0x0800bf98   0x00000038   Code   RO          615    i.tftp_construct_error_message  tftpserver.o
    0x0800bfd0   0x00000006   Code   RO          725    i.tftp_decode_op    tftputils.o
    0x0800bfd6   0x0000000e   Code   RO          726    i.tftp_extract_block  tftputils.o
    0x0800bfe4   0x00000010   Code   RO          727    i.tftp_extract_filename  tftputils.o
    0x0800bff4   0x00000026   Code   RO          728    i.tftp_is_correct_ack  tftputils.o
    0x0800c01a   0x00000002   PAD
    0x0800c01c   0x000000b4   Code   RO          616    i.tftp_process_read  tftpserver.o
    0x0800c0d0   0x0000009c   Code   RO          617    i.tftp_process_write  tftpserver.o
    0x0800c16c   0x00000030   Code   RO          618    i.tftp_send_ack_packet  tftpserver.o
    0x0800c19c   0x00000048   Code   RO          619    i.tftp_send_data_packet  tftpserver.o
    0x0800c1e4   0x00000032   Code   RO          620    i.tftp_send_error_message  tftpserver.o
    0x0800c216   0x0000004a   Code   RO          621    i.tftp_send_message  tftpserver.o
    0x0800c260   0x0000003c   Code   RO          622    i.tftp_send_next_block  tftpserver.o
    0x0800c29c   0x00000012   Code   RO          729    i.tftp_set_block    tftputils.o
    0x0800c2ae   0x00000014   Code   RO          730    i.tftp_set_data_message  tftputils.o
    0x0800c2c2   0x00000008   Code   RO          731    i.tftp_set_errorcode  tftputils.o
    0x0800c2ca   0x00000010   Code   RO          732    i.tftp_set_errormsg  tftputils.o
    0x0800c2da   0x00000008   Code   RO          733    i.tftp_set_opcode   tftputils.o
    0x0800c2e2   0x00000002   PAD
    0x0800c2e4   0x00000044   Code   RO          623    i.tftpd_init        tftpserver.o
    0x0800c328   0x00000088   Code   RO         5363    i.udp_bind          udp.o
    0x0800c3b0   0x0000005c   Code   RO          393    i.udp_client_callback  client_tcpudp.o
    0x0800c40c   0x00000040   Code   RO          394    i.udp_client_callback_app  client_tcpudp.o
    0x0800c44c   0x00000010   Code   RO         5365    i.udp_disconnect    udp.o
    0x0800c45c   0x00000254   Code   RO         5367    i.udp_input         udp.o
    0x0800c6b0   0x0000001c   Code   RO         5368    i.udp_new           udp.o
    0x0800c6cc   0x00000058   Code   RO         5369    i.udp_new_port      udp.o
    0x0800c724   0x00000006   Code   RO         5370    i.udp_recv          udp.o
    0x0800c72a   0x00000002   PAD
    0x0800c72c   0x00000040   Code   RO         5371    i.udp_remove        udp.o
    0x0800c76c   0x00000044   Code   RO         5373    i.udp_sendto        udp.o
    0x0800c7b0   0x00000114   Code   RO         5374    i.udp_sendto_if     udp.o
    0x0800c8c4   0x000000cc   Code   RO          624    i.wrq_recv_callback  tftpserver.o
    0x0800c990   0x00000024   Data   RO         4646    .constdata          memp.o
    0x0800c9b4   0x00000050   Data   RO         5017    .constdata          tcp.o
    0x0800ca04   0x00000008   Data   RO         5584    .constdata          ip_addr.o
    0x0800ca0c   0x0000000c   Data   RO         5762    .constdata          etharp.o
    0x0800ca18   0x00006aa4   Data   RO         7181    .constdata          fs_lwip.o
    0x080134bc   0x00000092   Data   RO          626    .conststring        tftpserver.o
    0x0801354e   0x00000068   Data   RO         5018    .conststring        tcp.o
    0x080135b6   0x00000002   PAD
    0x080135b8   0x00000020   Data   RO         7254    Region$$Table       anon$$obj.o


    Execution Region RW_IRAM1 (Base: 0x20000000, Size: 0x0000ddb8, Max: 0x00010000, ABSOLUTE, COMPRESSED[0x0000016c])

    Base Addr    Size         Type   Attr      Idx    E Section Name        Object

    0x20000000   0x00000008   Data   RW            6    .data               main.o
    0x20000008   0x00000020   Data   RW          167    .data               netconf.o
    0x20000028   0x00000424   Data   RW          397    .data               client_tcpudp.o
    0x2000044c   0x00000030   Data   RW          508    .data               filesystem.o
    0x2000047c   0x0000003c   Data   RW          627    .data               tftpserver.o
    0x200004b8   0x00000015   Data   RW          822    .data               ds18b20srom.o
    0x200004cd   0x00000003   PAD
    0x200004d0   0x00000115   Data   RW          935    .data               ds18b20sech.o
    0x200005e5   0x00000014   Data   RW         2483    .data               stm32f10x_rcc.o
    0x200005f9   0x00000003   PAD
    0x200005fc   0x00000010   Data   RW         3995    .data               stm32_eth.o
    0x2000060c   0x0000000c   Data   RW         4604    .data               mem.o
    0x20000618   0x00000004   Data   RW         4647    .data               memp.o
    0x2000061c   0x00000009   Data   RW         4699    .data               netif.o
    0x20000625   0x00000003   PAD
    0x20000628   0x00000004   Data   RW         4908    .data               raw.o
    0x2000062c   0x00000023   Data   RW         5019    .data               tcp.o
    0x2000064f   0x00000001   PAD
    0x20000650   0x00000020   Data   RW         5222    .data               tcp_in.o
    0x20000670   0x00000008   Data   RW         5375    .data               udp.o
    0x20000678   0x00000012   Data   RW         5542    .data               ip.o
    0x2000068a   0x00000002   PAD
    0x2000068c   0x00000006   Data   RW         5641    .data               ip_frag.o
    0x20000692   0x00000001   Data   RW         5763    .data               etharp.o
    0x20000693   0x00000001   PAD
    0x20000694   0x00000012   Data   RW         5850    .data               ethernetif.o
    0x200006a6   0x00000002   PAD
    0x200006a8   0x00000008   Data   RW         6889    .data               sd.o
    0x200006b0   0x00000034   Zero   RW          166    .bss                netconf.o
    0x200006e4   0x0000000a   Zero   RW          395    .bss                client_tcpudp.o
    0x200006ee   0x00000002   PAD
    0x200006f0   0x00000c80   Zero   RW          507    .bss                filesystem.o
    0x20001370   0x00000670   Zero   RW          625    .bss                tftpserver.o
    0x200019e0   0x00000031   Zero   RW          821    .bss                ds18b20srom.o
    0x20001a11   0x00001814   Zero   RW         4603    .bss                mem.o
    0x20003225   0x00000003   PAD
    0x20003228   0x0000688b   Zero   RW         4645    .bss                memp.o
    0x20009ab3   0x00000001   PAD
    0x20009ab4   0x0000010c   Zero   RW         4957    .bss                stats.o
    0x20009bc0   0x00000010   Zero   RW         5221    .bss                tcp_in.o
    0x20009bd0   0x000000c8   Zero   RW         5761    .bss                etharp.o
    0x20009c98   0x000029e8   Zero   RW         5849    .bss                ethernetif.o
    0x2000c680   0x00000738   Zero   RW         7060    .bss                httpd.o
    0x2000cdb8   0x00001000   Zero   RW         5950    STACK               startup_stm32f10x_cl.o


==============================================================================

Image component sizes


      Code (inc. data)   RO Data    RW Data    ZI Data      Debug   Object Name

      1442        262          0       1060         10          0   client_tcpudp.o
        62          0          0          0          0          0   def.o
      1050          0          0          0          0          0   dir.o
        80          0          0          0          0          0   disc.o
       424         50          0        277          0          0   ds18b20sech.o
      1650         96          0         21         49          0   ds18b20srom.o
       116          0          0          0          0          0   efs.o
      2680         82         12          1        200          0   etharp.o
       904        108          0         18      10728          0   ethernetif.o
       122          0          0          0          0          0   extract.o
      1762          6          0          0          0          0   fat.o
      1848          0          0          0          0          0   file.o
       712        174          0         48       3200          0   filesystem.o
      1238          0          0          0          0          0   fs.o
        80          4      27300          0          0          0   fs_lwip.o
      2162        164          0          0       1848          0   httpd.o
       724         20          0          0          0          0   icmp.o
         0          0          0          0          0          0   inet.o
       364          0          0          0          0          0   inet_chksum.o
         0          0          0          0          0          0   init.o
      2238          0          0          0          0          0   ioman.o
      1080         50          0         18          0          0   ip.o
        78          0          8          0          0          0   ip_addr.o
      1900         50          0          6          0          0   ip_frag.o
        68          0          0          0          0          0   ls.o
       284          8          0          8          0          0   main.o
      1264         82          0         12       6164          0   mem.o
       448         46         36          4      26763          0   memp.o
       172         32          0          0          0          0   misc.o
       416         26          0          0          0          0   netbios.o
       176         42          0         32         52          0   netconf.o
       366         26          0          9          0          0   netif.o
       276          0          0          0          0          0   partition.o
      1648          0          0          0          0          0   pbuf.o
        74          0          0          0          0          0   plibc.o
       116         14          0          4          0          0   raw.o
      1816         44          0          8          0          0   sd.o
       448         28          0          0          0          0   sd_stm32.o
        28          4        336          0       4096          0   startup_stm32f10x_cl.o
         0          0          0          0        268          0   stats.o
      1584        134          0         16          0          0   stm32_eth.o
       614         32          0          0          0          0   stm32f107.o
       424         12          0          0          0          0   stm32f10x_gpio.o
        70          0          0          0          0          0   stm32f10x_it.o
       540         56          0         20          0          0   stm32f10x_rcc.o
       112          0          0          0          0          0   stm32f10x_spi.o
       182         10          0          0          0          0   stm32f10x_tim.o
       384         32          0          0          0          0   system_stm32f10x.o
      3822        198        184         35          0          0   tcp.o
      5276        326          0         32         16          0   tcp_in.o
      3660         46          0          0          0          0   tcp_out.o
      1770        188        146         60       1648          0   tftpserver.o
       144          0          0          0          0          0   tftputils.o
         4          0          0          0          0          0   time.o
         2          0          0          0          0          0   timers.o
      1278         44          0          8          0          0   udp.o

    ----------------------------------------------------------------------
     50252       2496      28056       1712      55048          0   Object Totals
         0          0         32          0          0          0   (incl. Generated)
        70          0          2         15          6          3   (incl. Padding)

    ----------------------------------------------------------------------

      Code (inc. data)   RO Data    RW Data    ZI Data      Debug   Library Member Name

        92          0          0          0          0          0   __dczerorl2.o
         0          0          0          0          0          0   entry.o
         8          4          0          0          0          0   entry2.o
         4          0          0          0          0          0   entry5.o
         8          4          0          0          0          0   entry7.o
        30          0          0          0          0          0   handlers.o
        36          8          0          0          0          0   init.o
         0          0          0          0          0          0   iusefp.o
        30          0          0          0          0          0   llshl.o
        32          0          0          0          0          0   llushr.o
        26          0          0          0          0          0   memcmp.o
        36          0          0          0          0          0   memcpya.o
        38          0          0          0          0          0   memseta.o
        18          0          0          0          0          0   strchr.o
        28          0          0          0          0          0   strcmp.o
        18          0          0          0          0          0   strcpy.o
        16          0          0          0          0          0   strlen.o
        30          0          0          0          0          0   strncmp.o
        44          0          0          0          0          0   strstr.o
       194          0          0          0          0          0   depilogue.o
        62          0          0          0          0          0   dfixi.o
        34          0          0          0          0          0   dflti.o
       226          0          0          0          0          0   dmul.o

    ----------------------------------------------------------------------
      1012         16          0          0          0          0   Library Totals
         2          0          0          0          0          0   (incl. Padding)

    ----------------------------------------------------------------------

      Code (inc. data)   RO Data    RW Data    ZI Data      Debug   Library Name

       494         16          0          0          0        900   mc_w.l
       516          0          0          0          0        436   mf_w.l

    ----------------------------------------------------------------------
      1012         16          0          0          0          0   Library Totals

    ----------------------------------------------------------------------

==============================================================================


      Code (inc. data)   RO Data    RW Data    ZI Data      Debug   

     51264       2512      28056       1712      55048     703988   Grand Totals
     51264       2512      28056        364      55048     703988   ELF Image Totals (compressed)
     51264       2512      28056        364          0          0   ROM Totals

==============================================================================

    Total RO  Size (Code + RO Data)                79320 (  77.46kB)
    Total RW  Size (RW Data + ZI Data)             56760 (  55.43kB)
    Total ROM Size (Code + RO Data + RW Data)      79684 (  77.82kB)

==============================================================================

