<html>
<body>
<pre>
<h1>礦ision Build Log</h1>
<h2>Project:</h2>
D:\王均伟\LWIP1.4.1在我移植的在板子上STM32+DP83848裸奔的程序\Lwip1.4.1+efls ByWang\SDK\lwip_gnu.uvproj
Project File Date:  11/09/2015

<h2>Output:</h2>
Build target 'lwip+efsl+ds18b20'
compiling main.c...
..\myself\src\main.c(67): warning:  #223-D: function "netbios_init" declared implicitly
..\myself\src\main.c:                     netbios_init();
..\myself\src\main.c:                     ^
..\myself\src\main.c(68): warning:  #223-D: function "tftpd_init" declared implicitly
..\myself\src\main.c:                     tftpd_init();
..\myself\src\main.c:                     ^
..\myself\src\main.c(75): warning:  #223-D: function "TcpTestThread" declared implicitly
..\myself\src\main.c:                             TcpTestThread(LocalTime);
..\myself\src\main.c:                             ^
..\myself\src\main.c: ..\myself\src\main.c: 3 warnings, 0 errors
compiling netconf.c...
..\myself\src\netconf.c(158): warning:  #223-D: function "tcp_tmr" declared implicitly
..\myself\src\netconf.c:       tcp_tmr();
..\myself\src\netconf.c:       ^
..\myself\src\netconf.c(52): warning:  #177-D: variable "IPaddress" was declared but never referenced
..\myself\src\netconf.c:   static uint32_t IPaddress = 0;
..\myself\src\netconf.c:                   ^
..\myself\src\netconf.c: ..\myself\src\netconf.c: 2 warnings, 0 errors
compiling stm32f10x_it.c...
..\myself\src\stm32f10x_it.c(155): warning:  #1295-D: Deprecated declaration Read_Eth_Packet - give arg types
..\myself\src\stm32f10x_it.c:     extern void Read_Eth_Packet(); //读取数据包大BUFF中
..\myself\src\stm32f10x_it.c:                 ^
..\myself\src\stm32f10x_it.c: ..\myself\src\stm32f10x_it.c: 1 warning, 0 errors
compiling stm32f107.c...
compiling client_tcpudp.c...
..\myself\src\client_tcpudp.c(380): warning:  #550-D: variable "dst_ip_addr" was set but never used
..\myself\src\client_tcpudp.c:                   ip_addr_t dst_ip_addr;
..\myself\src\client_tcpudp.c:                             ^
..\myself\src\client_tcpudp.c(436): warning:  #940-D: missing return statement at end of non-void function "Tcp_recv"
..\myself\src\client_tcpudp.c:   }
..\myself\src\client_tcpudp.c:   ^
..\myself\src\client_tcpudp.c: ..\myself\src\client_tcpudp.c: 2 warnings, 0 errors
compiling filesystem.c...
..\myself\src\filesystem.c(43): warning:  #940-D: missing return statement at end of non-void function "FindMP3"
..\myself\src\filesystem.c:   }
..\myself\src\filesystem.c:   ^
..\myself\src\filesystem.c(66): warning:  #167-D: argument of type "euint8 *" is incompatible with parameter of type "eint8 *"
..\myself\src\filesystem.c:         if (ls_openDir(&localist, &fts.myFs, filename) != 0)
..\myself\src\filesystem.c:                                              ^
..\myself\src\filesystem.c(76): warning:  #2748-D: null argument provided for parameter marked with attribute "nonnull"
..\myself\src\filesystem.c:                      memcpy(FileNameu,(void*)0,12);  
..\myself\src\filesystem.c:                                       ^
..\myself\src\filesystem.c(53): warning:  #550-D: variable "Attributeu" was set but never used
..\myself\src\filesystem.c:     euint8 Attributeu;
..\myself\src\filesystem.c:            ^
..\myself\src\filesystem.c(128): warning:  #177-D: variable "FileNameu" was declared but never referenced
..\myself\src\filesystem.c:     euint8 FileNameu[12];
..\myself\src\filesystem.c:            ^
..\myself\src\filesystem.c(129): warning:  #177-D: variable "FileSizeu" was declared but never referenced
..\myself\src\filesystem.c:     euint32 FileSizeu;
..\myself\src\filesystem.c:             ^
..\myself\src\filesystem.c(130): warning:  #177-D: variable "Attributeu" was declared but never referenced
..\myself\src\filesystem.c:     euint8 Attributeu;
..\myself\src\filesystem.c:            ^
..\myself\src\filesystem.c(172): warning:  #192-D: unrecognized character escape sequence
..\myself\src\filesystem.c:     if (file_fopen(&myfile_SD, &myefs1.myFs, "\.mp3", 'r') != 0)
..\myself\src\filesystem.c:                                               ^
..\myself\src\filesystem.c(169): warning:  #550-D: variable "datalen" was set but never used
..\myself\src\filesystem.c:      euint32 datalen;
..\myself\src\filesystem.c:              ^
..\myself\src\filesystem.c(189): warning:  #550-D: variable "datalen" was set but never used
..\myself\src\filesystem.c:             euint32 datalen;
..\myself\src\filesystem.c:                     ^
..\myself\src\filesystem.c(259): warning:  #167-D: argument of type "char *" is incompatible with parameter of type "euint8 *"
..\myself\src\filesystem.c:     datalen = file_write(&myfile_CR,size,p);
..\myself\src\filesystem.c:                                          ^
..\myself\src\filesystem.c(233): warning:  #550-D: variable "datalen" was set but never used
..\myself\src\filesystem.c:             euint32 datalen;
..\myself\src\filesystem.c:                     ^
..\myself\src\filesystem.c(330): warning:  #167-D: argument of type "char *" is incompatible with parameter of type "euint8 *"
..\myself\src\filesystem.c:                     file_fread(&myfile_CR,deepsizeB-STRINGLENTH,STRINGLENTH,filebuf);
..\myself\src\filesystem.c:                                                                             ^
..\myself\src\filesystem.c(338): warning:  #167-D: argument of type "char *" is incompatible with parameter of type "euint8 *"
..\myself\src\filesystem.c:    file_fwrite(&myfile_CR,deepsizeB-STRINGLENTH,STRINGLENTH,tempt);
..\myself\src\filesystem.c:                                                             ^
..\myself\src\filesystem.c(298): warning:  #177-D: variable "deepsizeA" was declared but never referenced
..\myself\src\filesystem.c:             static unsigned int deepsizeA=0,deepsizeB=0;//标志字符在文件中的位置
..\myself\src\filesystem.c:                                 ^
..\myself\src\filesystem.c: ..\myself\src\filesystem.c: 15 warnings, 0 errors
compiling netbios.c...
compiling tftpserver.c...
compiling tftputils.c...
compiling DS18B20SROM.c...
..\myself\src\DS18B20SROM.c(454): warning:  #223-D: function "FS_Writehtml" declared implicitly
..\myself\src\DS18B20SROM.c:    FS_Writehtml((char*)temp,33);
..\myself\src\DS18B20SROM.c:    ^
..\myself\src\DS18B20SROM.c: ..\myself\src\DS18B20SROM.c: 1 warning, 0 errors
compiling ds18b20sech.c...
..\myself\src\ds18b20sech.c(49): warning:  #1295-D: Deprecated declaration OWFirst - give arg types
..\myself\src\ds18b20sech.c:   int  OWFirst();
..\myself\src\ds18b20sech.c:        ^
..\myself\src\ds18b20sech.c(50): warning:  #1295-D: Deprecated declaration OWNext - give arg types
..\myself\src\ds18b20sech.c:   int  OWNext();
..\myself\src\ds18b20sech.c:        ^
..\myself\src\ds18b20sech.c(51): warning:  #1295-D: Deprecated declaration OWVerify - give arg types
..\myself\src\ds18b20sech.c:   int  OWVerify();
..\myself\src\ds18b20sech.c:        ^
..\myself\src\ds18b20sech.c(53): warning:  #1295-D: Deprecated declaration OWFamilySkipSetup - give arg types
..\myself\src\ds18b20sech.c:   void OWFamilySkipSetup();
..\myself\src\ds18b20sech.c:        ^
..\myself\src\ds18b20sech.c(54): warning:  #1295-D: Deprecated declaration OWReset - give arg types
..\myself\src\ds18b20sech.c:   int  OWReset();
..\myself\src\ds18b20sech.c:        ^
..\myself\src\ds18b20sech.c(57): warning:  #1295-D: Deprecated declaration OWReadBit - give arg types
..\myself\src\ds18b20sech.c:   unsigned char OWReadBit();
..\myself\src\ds18b20sech.c:                 ^
..\myself\src\ds18b20sech.c(58): warning:  #1295-D: Deprecated declaration OWSearch - give arg types
..\myself\src\ds18b20sech.c:   int  OWSearch();
..\myself\src\ds18b20sech.c:        ^
..\myself\src\ds18b20sech.c(401): warning:  #1-D: last line of file ends without a newline
..\myself\src\ds18b20sech.c:    }
..\myself\src\ds18b20sech.c:     ^
..\myself\src\ds18b20sech.c: ..\myself\src\ds18b20sech.c: 8 warnings, 0 errors
compiling misc.c...
compiling stm32f10x_adc.c...
compiling stm32f10x_bkp.c...
compiling stm32f10x_can.c...
compiling stm32f10x_crc.c...
compiling stm32f10x_dac.c...
compiling stm32f10x_dbgmcu.c...
compiling stm32f10x_dma.c...
compiling stm32f10x_exti.c...
compiling stm32f10x_flash.c...
compiling stm32f10x_fsmc.c...
compiling stm32f10x_gpio.c...
compiling stm32f10x_i2c.c...
compiling stm32f10x_iwdg.c...
compiling stm32f10x_pwr.c...
compiling stm32f10x_rcc.c...
compiling stm32f10x_rtc.c...
compiling stm32f10x_sdio.c...
compiling stm32f10x_spi.c...
compiling stm32f10x_tim.c...
compiling stm32f10x_usart.c...
compiling stm32f10x_wwdg.c...
compiling stm32_eth.c...
compiling def.c...
compiling dhcp.c...
compiling dns.c...
compiling init.c...
compiling mem.c...
compiling memp.c...
compiling netif.c...
compiling pbuf.c...
compiling raw.c...
compiling stats.c...
compiling sys.c...
compiling tcp.c...
..\GNU源码\lwip-1.4.1\src\core\tcp.c(1060): warning:  #174-D: expression has no effect
..\GNU源码\lwip-1.4.1\src\core\tcp.c:                      pcb->last_timer == tcp_timer_ctr     ;
..\GNU源码\lwip-1.4.1\src\core\tcp.c:                      ^
..\GNU源码\lwip-1.4.1\src\core\tcp.c(1295): warning:  #117-D: non-void function "tcp_alloc" should return a value
..\GNU源码\lwip-1.4.1\src\core\tcp.c:                           return;
..\GNU源码\lwip-1.4.1\src\core\tcp.c:                                 ^
..\GNU源码\lwip-1.4.1\src\core\tcp.c: ..\GNU源码\lwip-1.4.1\src\core\tcp.c: 2 warnings, 0 errors
compiling tcp_in.c...
compiling tcp_out.c...
compiling udp.c...
compiling autoip.c...
compiling icmp.c...
compiling igmp.c...
compiling inet.c...
compiling inet_chksum.c...
compiling ip.c...
compiling ip_addr.c...
compiling ip_frag.c...
compiling timers.c...
compiling api_lib.c...
compiling err.c...
compiling tcpip.c...
compiling netifapi.c...
compiling netdb.c...
compiling netbuf.c...
compiling etharp.c...
compiling ethernetif.c...
..\GNU源码\lwip-1.4.1\archport\port\ethernetif.c(294): warning:  #550-D: variable "fd" was set but never used
..\GNU源码\lwip-1.4.1\archport\port\ethernetif.c:         FrameTypeDef fd;
..\GNU源码\lwip-1.4.1\archport\port\ethernetif.c:                      ^
..\GNU源码\lwip-1.4.1\archport\port\ethernetif.c(494): warning:  #223-D: function "Ethernet_Configuration" declared implicitly
..\GNU源码\lwip-1.4.1\archport\port\ethernetif.c:        Ethernet_Configuration();
..\GNU源码\lwip-1.4.1\archport\port\ethernetif.c:        ^
..\GNU源码\lwip-1.4.1\archport\port\ethernetif.c: ..\GNU源码\lwip-1.4.1\archport\port\ethernetif.c: 2 warnings, 0 errors
compiling core_cm3.c...
compiling system_stm32f10x.c...
assembling startup_stm32f10x_cl.s...
compiling dir.c...
..\efsl\source\dir.c(245): warning:  #1293-D: assignment in condition
..\efsl\source\dir.c:                   if((fclus=dir_findinBuf(buf,fatname,loc,mode))){
..\efsl\source\dir.c:                      ^
..\efsl\source\dir.c(274): warning:  #1293-D: assignment in condition
..\efsl\source\dir.c:                   if((cluster=dir_findinCluster(fs,Cache.DiscCluster,fatname,loc,mode))){
..\efsl\source\dir.c:                      ^
..\efsl\source\dir.c(296): warning:  #1293-D: assignment in condition
..\efsl\source\dir.c:                   if((fclus=dir_findinBuf(buf,fatname,loc,mode))){
..\efsl\source\dir.c:                      ^
..\efsl\source\dir.c(322): warning:  #1293-D: assignment in condition
..\efsl\source\dir.c:           while((next=file_normalToFatName(next,ffnamec))){
..\efsl\source\dir.c:                 ^
..\efsl\source\dir.c: ..\efsl\source\dir.c: 4 warnings, 0 errors
compiling disc.c...
compiling efs.c...
compiling extract.c...
compiling fat.c...
compiling file.c...
compiling fs.c...
compiling ioman.c...
compiling ls.c...
compiling mkfs.c...
compiling partition.c...
compiling plibc.c...
compiling time.c...
compiling ui.c...
compiling sd.c...
..\efsl\source\interface\sd.c(221): warning:  #940-D: missing return statement at end of non-void function "sd_Init"
..\efsl\source\interface\sd.c:   }
..\efsl\source\interface\sd.c:   ^
..\efsl\source\interface\sd.c(285): warning:  #175-D: subscript out of range
..\efsl\source\interface\sd.c:                  cmd_buffercrc[4]= (euint8) (paramy);
..\efsl\source\interface\sd.c:                  ^
..\efsl\source\interface\sd.c(543): warning:  #187-D: use of "=" where "==" may have been intended
..\efsl\source\interface\sd.c:            if(SDcard = MSD_CARD_TYPE_SD_SDHC)
..\efsl\source\interface\sd.c:               ^
..\efsl\source\interface\sd.c(517): warning:  #177-D: variable "SPI_InitStructure" was declared but never referenced
..\efsl\source\interface\sd.c:   {        SPI_InitTypeDef   SPI_InitStructure;
..\efsl\source\interface\sd.c:                              ^
..\efsl\source\interface\sd.c(523): warning:  #177-D: variable "card_capacity" was declared but never referenced
..\efsl\source\interface\sd.c:        euint32 card_capacity;
..\efsl\source\interface\sd.c:                ^
..\efsl\source\interface\sd.c(525): warning:  #177-D: variable "tmp16" was declared but never referenced
..\efsl\source\interface\sd.c:        euint16 tmp16;
..\efsl\source\interface\sd.c:                ^
..\efsl\source\interface\sd.c(630): warning:  #111-D: statement is unreachable
..\efsl\source\interface\sd.c:       if(max_hz >= 72000000/2 && 72000000/2 <= 18000000)
..\efsl\source\interface\sd.c:       ^
..\efsl\source\interface\sd.c(701): warning:  #940-D: missing return statement at end of non-void function "sdhc_readSector"
..\efsl\source\interface\sd.c:   }
..\efsl\source\interface\sd.c:   ^
..\efsl\source\interface\sd.c(706): warning:  #940-D: missing return statement at end of non-void function "sdhc_writeSector"
..\efsl\source\interface\sd.c:   }
..\efsl\source\interface\sd.c:   ^
..\efsl\source\interface\sd.c(702): warning:  #177-D: function "sdhc_writeSector" was declared but never referenced
..\efsl\source\interface\sd.c:   static esint8 sdhc_writeSector(hwInterface *iface,euint32 address, euint8* buf)
..\efsl\source\interface\sd.c:                 ^
..\efsl\source\interface\sd.c(292): warning: C3488E: write to variable 'cmd_buffercrc' with offset out of bounds
..\efsl\source\interface\sd.c: }
..\efsl\source\interface\sd.c: ^
..\efsl\source\interface\sd.c: ..\efsl\source\interface\sd.c: 11 warnings, 0 errors
compiling sd_stm32.c...
compiling fsdata.c...
compiling httpd.c...
..\httpserver_raw\src\httpd.c(2194): warning:  #177-D: variable "loop" was declared but never referenced
..\httpserver_raw\src\httpd.c:     size_t loop;
..\httpserver_raw\src\httpd.c:            ^
..\httpserver_raw\src\httpd.c: ..\httpserver_raw\src\httpd.c: 1 warning, 0 errors
compiling fs_lwip.c...
..\httpserver_raw\src\fs_lwip.c(41): warning:  #177-D: variable "dummy_align__img_sics_gif" was declared but never referenced
..\httpserver_raw\src\fs_lwip.c:   static const unsigned int dummy_align__img_sics_gif = 0;
..\httpserver_raw\src\fs_lwip.c:                             ^
..\httpserver_raw\src\fs_lwip.c(110): warning:  #177-D: variable "dummy_align__404_html" was declared but never referenced
..\httpserver_raw\src\fs_lwip.c:   static const unsigned int dummy_align__404_html = 1;
..\httpserver_raw\src\fs_lwip.c:                             ^
..\httpserver_raw\src\fs_lwip.c(169): warning:  #177-D: variable "dummy_align__index_html" was declared but never referenced
..\httpserver_raw\src\fs_lwip.c:   static const unsigned int dummy_align__index_html = 2;
..\httpserver_raw\src\fs_lwip.c:                             ^
..\httpserver_raw\src\fs_lwip.c: ..\httpserver_raw\src\fs_lwip.c: 3 warnings, 0 errors
linking...
Program Size: Code=51180 RO-data=28056 RW-data=1712 ZI-data=55048  
FromELF: creating hex file...
".\obj\lwip_gnu.axf" - 0 Error(s), 55 Warning(s).
Build target 'lwip+efsl+ds18b20'
compiling filesystem.c...
..\myself\src\filesystem.c(43): warning:  #940-D: missing return statement at end of non-void function "FindMP3"
..\myself\src\filesystem.c:   }
..\myself\src\filesystem.c:   ^
..\myself\src\filesystem.c(66): warning:  #167-D: argument of type "euint8 *" is incompatible with parameter of type "eint8 *"
..\myself\src\filesystem.c:         if (ls_openDir(&localist, &fts.myFs, filename) != 0)
..\myself\src\filesystem.c:                                              ^
..\myself\src\filesystem.c(76): warning:  #2748-D: null argument provided for parameter marked with attribute "nonnull"
..\myself\src\filesystem.c:                      memcpy(FileNameu,(void*)0,12);  
..\myself\src\filesystem.c:                                       ^
..\myself\src\filesystem.c(53): warning:  #550-D: variable "Attributeu" was set but never used
..\myself\src\filesystem.c:     euint8 Attributeu;
..\myself\src\filesystem.c:            ^
..\myself\src\filesystem.c(128): warning:  #177-D: variable "FileNameu" was declared but never referenced
..\myself\src\filesystem.c:     euint8 FileNameu[12];
..\myself\src\filesystem.c:            ^
..\myself\src\filesystem.c(129): warning:  #177-D: variable "FileSizeu" was declared but never referenced
..\myself\src\filesystem.c:     euint32 FileSizeu;
..\myself\src\filesystem.c:             ^
..\myself\src\filesystem.c(130): warning:  #177-D: variable "Attributeu" was declared but never referenced
..\myself\src\filesystem.c:     euint8 Attributeu;
..\myself\src\filesystem.c:            ^
..\myself\src\filesystem.c(172): warning:  #192-D: unrecognized character escape sequence
..\myself\src\filesystem.c:     if (file_fopen(&myfile_SD, &myefs1.myFs, "\.mp3", 'r') != 0)
..\myself\src\filesystem.c:                                               ^
..\myself\src\filesystem.c(169): warning:  #550-D: variable "datalen" was set but never used
..\myself\src\filesystem.c:      euint32 datalen;
..\myself\src\filesystem.c:              ^
..\myself\src\filesystem.c(189): warning:  #550-D: variable "datalen" was set but never used
..\myself\src\filesystem.c:             euint32 datalen;
..\myself\src\filesystem.c:                     ^
..\myself\src\filesystem.c(259): warning:  #167-D: argument of type "char *" is incompatible with parameter of type "euint8 *"
..\myself\src\filesystem.c:     datalen = file_write(&myfile_CR,size,p);
..\myself\src\filesystem.c:                                          ^
..\myself\src\filesystem.c(233): warning:  #550-D: variable "datalen" was set but never used
..\myself\src\filesystem.c:             euint32 datalen;
..\myself\src\filesystem.c:                     ^
..\myself\src\filesystem.c(325): warning:  #167-D: argument of type "char *" is incompatible with parameter of type "euint8 *"
..\myself\src\filesystem.c:                     file_fread(&myfile_CR,deepsizeA-STRINGLENTH,STRINGLENTH,filebuf);
..\myself\src\filesystem.c:                                                                             ^
..\myself\src\filesystem.c(338): warning:  #167-D: argument of type "char *" is incompatible with parameter of type "euint8 *"
..\myself\src\filesystem.c:                     file_fread(&myfile_CR,deepsizeB-STRINGLENTH,STRINGLENTH,filebuf);
..\myself\src\filesystem.c:                                                                             ^
..\myself\src\filesystem.c(346): warning:  #167-D: argument of type "char *" is incompatible with parameter of type "euint8 *"
..\myself\src\filesystem.c:    file_fwrite(&myfile_CR,deepsizeB-STRINGLENTH,STRINGLENTH,tempt);
..\myself\src\filesystem.c:                                                             ^
..\myself\src\filesystem.c(347): warning:  #167-D: argument of type "char *" is incompatible with parameter of type "euint8 *"
..\myself\src\filesystem.c:    file_fwrite(&myfile_CR,deepsizeA-STRINGLENTH,STRINGLENTH,&tempt[6]);
..\myself\src\filesystem.c:                                                             ^
..\myself\src\filesystem.c: ..\myself\src\filesystem.c: 16 warnings, 0 errors
linking...
Program Size: Code=51264 RO-data=28056 RW-data=1712 ZI-data=55048  
FromELF: creating hex file...
".\obj\lwip_gnu.axf" - 0 Error(s), 16 Warning(s).
Build target 'lwip+efsl+ds18b20'
compiling filesystem.c...
..\myself\src\filesystem.c(43): warning:  #940-D: missing return statement at end of non-void function "FindMP3"
..\myself\src\filesystem.c:   }
..\myself\src\filesystem.c:   ^
..\myself\src\filesystem.c(66): warning:  #167-D: argument of type "euint8 *" is incompatible with parameter of type "eint8 *"
..\myself\src\filesystem.c:         if (ls_openDir(&localist, &fts.myFs, filename) != 0)
..\myself\src\filesystem.c:                                              ^
..\myself\src\filesystem.c(76): warning:  #2748-D: null argument provided for parameter marked with attribute "nonnull"
..\myself\src\filesystem.c:                      memcpy(FileNameu,(void*)0,12);  
..\myself\src\filesystem.c:                                       ^
..\myself\src\filesystem.c(53): warning:  #550-D: variable "Attributeu" was set but never used
..\myself\src\filesystem.c:     euint8 Attributeu;
..\myself\src\filesystem.c:            ^
..\myself\src\filesystem.c(128): warning:  #177-D: variable "FileNameu" was declared but never referenced
..\myself\src\filesystem.c:     euint8 FileNameu[12];
..\myself\src\filesystem.c:            ^
..\myself\src\filesystem.c(129): warning:  #177-D: variable "FileSizeu" was declared but never referenced
..\myself\src\filesystem.c:     euint32 FileSizeu;
..\myself\src\filesystem.c:             ^
..\myself\src\filesystem.c(130): warning:  #177-D: variable "Attributeu" was declared but never referenced
..\myself\src\filesystem.c:     euint8 Attributeu;
..\myself\src\filesystem.c:            ^
..\myself\src\filesystem.c(172): warning:  #192-D: unrecognized character escape sequence
..\myself\src\filesystem.c:     if (file_fopen(&myfile_SD, &myefs1.myFs, "\.mp3", 'r') != 0)
..\myself\src\filesystem.c:                                               ^
..\myself\src\filesystem.c(169): warning:  #550-D: variable "datalen" was set but never used
..\myself\src\filesystem.c:      euint32 datalen;
..\myself\src\filesystem.c:              ^
..\myself\src\filesystem.c(189): warning:  #550-D: variable "datalen" was set but never used
..\myself\src\filesystem.c:             euint32 datalen;
..\myself\src\filesystem.c:                     ^
..\myself\src\filesystem.c(259): warning:  #167-D: argument of type "char *" is incompatible with parameter of type "euint8 *"
..\myself\src\filesystem.c:     datalen = file_write(&myfile_CR,size,p);
..\myself\src\filesystem.c:                                          ^
..\myself\src\filesystem.c(233): warning:  #550-D: variable "datalen" was set but never used
..\myself\src\filesystem.c:             euint32 datalen;
..\myself\src\filesystem.c:                     ^
..\myself\src\filesystem.c(325): warning:  #167-D: argument of type "char *" is incompatible with parameter of type "euint8 *"
..\myself\src\filesystem.c:                     file_fread(&myfile_CR,deepsizeA-STRINGLENTH,STRINGLENTH,filebuf);
..\myself\src\filesystem.c:                                                                             ^
..\myself\src\filesystem.c(338): warning:  #167-D: argument of type "char *" is incompatible with parameter of type "euint8 *"
..\myself\src\filesystem.c:                     file_fread(&myfile_CR,deepsizeB-STRINGLENTH,STRINGLENTH,filebuf);
..\myself\src\filesystem.c:                                                                             ^
..\myself\src\filesystem.c(346): warning:  #167-D: argument of type "char *" is incompatible with parameter of type "euint8 *"
..\myself\src\filesystem.c:    file_fwrite(&myfile_CR,deepsizeB-STRINGLENTH,STRINGLENTH,tempt);
..\myself\src\filesystem.c:                                                             ^
..\myself\src\filesystem.c(347): warning:  #167-D: argument of type "char *" is incompatible with parameter of type "euint8 *"
..\myself\src\filesystem.c:    file_fwrite(&myfile_CR,deepsizeA-STRINGLENTH,STRINGLENTH,&tempt[6]);
..\myself\src\filesystem.c:                                                             ^
..\myself\src\filesystem.c: ..\myself\src\filesystem.c: 16 warnings, 0 errors
linking...
Program Size: Code=51264 RO-data=28056 RW-data=1712 ZI-data=55048  
FromELF: creating hex file...
".\obj\lwip_gnu.axf" - 0 Error(s), 16 Warning(s).
Load "D:\\王均伟\\LWIP1.4.1在我移植的在板子上STM32+DP83848裸奔的程序\\Lwip1.4.1+efls ByWang\\SDK\\obj\\lwip_gnu.AXF" 
Set JLink Project File to "D:\王均伟\LWIP1.4.1在我移植的在板子上STM32+DP83848裸奔的程序\Lwip1.4.1+efls ByWang\SDK\JLinkSettings.ini"
 
JLink info:
------------
DLL: V4.15n, compiled Jun 18 2010 19:55:09
Firmware: J-Link ARM V8 compiled May 20 2010 17:07:46
Hardware: V8.00
S/N : 805306163 
Feature(s) : RDI,FlashDL,FlashBP,JFlash,GDBFull 
 
* JLink Info: TotalIRLen = 9, IRPrint = 0x0011
* JLink Info: Found Cortex-M3 r1p1, Little endian.
* JLink Info: TPIU fitted.
* JLink Info: ETM fitted.
* JLink Info:   FPUnit: 6 code (BP) slots and 2 literal slots
ROMTableAddr = 0xE00FF003
 
Target info:
------------
Device: STM32F107VC
VTarget = 3.248V
State of Pins: 
TCK: 1, TDI: 0, TDO: 1, TMS: 0, TRES: 1, TRST: 1
* JLink Info: TotalIRLen = 9, IRPrint = 0x0011
* JLink Info: Found Cortex-M3 r1p1, Little endian.
* JLink Info: TPIU fitted.
* JLink Info: ETM fitted.
* JLink Info:   FPUnit: 6 code (BP) slots and 2 literal slots
Hardware-Breakpoints: 6
Software-Breakpoints: 2048
Watchpoints:          4
JTAG speed: 2000 kHz
 
Erase Done.
Programming Done.
Verify OK.
* JLink Info: TotalIRLen = 9, IRPrint = 0x0011
* JLink Info: Found Cortex-M3 r1p1, Little endian.
* JLink Info: TPIU fitted.
* JLink Info: ETM fitted.
* JLink Info:   FPUnit: 6 code (BP) slots and 2 literal slots
Application running ...
Build target 'lwip+efsl+ds18b20'
compiling filesystem.c...
..\myself\src\filesystem.c(43): warning:  #940-D: missing return statement at end of non-void function "FindMP3"
..\myself\src\filesystem.c:   }
..\myself\src\filesystem.c:   ^
..\myself\src\filesystem.c(66): warning:  #167-D: argument of type "euint8 *" is incompatible with parameter of type "eint8 *"
..\myself\src\filesystem.c:         if (ls_openDir(&localist, &fts.myFs, filename) != 0)
..\myself\src\filesystem.c:                                              ^
..\myself\src\filesystem.c(76): warning:  #2748-D: null argument provided for parameter marked with attribute "nonnull"
..\myself\src\filesystem.c:                      memcpy(FileNameu,(void*)0,12);  
..\myself\src\filesystem.c:                                       ^
..\myself\src\filesystem.c(53): warning:  #550-D: variable "Attributeu" was set but never used
..\myself\src\filesystem.c:     euint8 Attributeu;
..\myself\src\filesystem.c:            ^
..\myself\src\filesystem.c(128): warning:  #177-D: variable "FileNameu" was declared but never referenced
..\myself\src\filesystem.c:     euint8 FileNameu[12];
..\myself\src\filesystem.c:            ^
..\myself\src\filesystem.c(129): warning:  #177-D: variable "FileSizeu" was declared but never referenced
..\myself\src\filesystem.c:     euint32 FileSizeu;
..\myself\src\filesystem.c:             ^
..\myself\src\filesystem.c(130): warning:  #177-D: variable "Attributeu" was declared but never referenced
..\myself\src\filesystem.c:     euint8 Attributeu;
..\myself\src\filesystem.c:            ^
..\myself\src\filesystem.c(172): warning:  #192-D: unrecognized character escape sequence
..\myself\src\filesystem.c:     if (file_fopen(&myfile_SD, &myefs1.myFs, "\.mp3", 'r') != 0)
..\myself\src\filesystem.c:                                               ^
..\myself\src\filesystem.c(169): warning:  #550-D: variable "datalen" was set but never used
..\myself\src\filesystem.c:      euint32 datalen;
..\myself\src\filesystem.c:              ^
..\myself\src\filesystem.c(189): warning:  #550-D: variable "datalen" was set but never used
..\myself\src\filesystem.c:             euint32 datalen;
..\myself\src\filesystem.c:                     ^
..\myself\src\filesystem.c(259): warning:  #167-D: argument of type "char *" is incompatible with parameter of type "euint8 *"
..\myself\src\filesystem.c:     datalen = file_write(&myfile_CR,size,p);
..\myself\src\filesystem.c:                                          ^
..\myself\src\filesystem.c(233): warning:  #550-D: variable "datalen" was set but never used
..\myself\src\filesystem.c:             euint32 datalen;
..\myself\src\filesystem.c:                     ^
..\myself\src\filesystem.c(325): warning:  #167-D: argument of type "char *" is incompatible with parameter of type "euint8 *"
..\myself\src\filesystem.c:                     file_fread(&myfile_CR,deepsizeA-STRINGLENTH,STRINGLENTH,filebuf);
..\myself\src\filesystem.c:                                                                             ^
..\myself\src\filesystem.c(338): warning:  #167-D: argument of type "char *" is incompatible with parameter of type "euint8 *"
..\myself\src\filesystem.c:                     file_fread(&myfile_CR,deepsizeB-STRINGLENTH,STRINGLENTH,filebuf);
..\myself\src\filesystem.c:                                                                             ^
..\myself\src\filesystem.c(346): warning:  #167-D: argument of type "char *" is incompatible with parameter of type "euint8 *"
..\myself\src\filesystem.c:    file_fwrite(&myfile_CR,deepsizeB-STRINGLENTH,STRINGLENTH,tempt);
..\myself\src\filesystem.c:                                                             ^
..\myself\src\filesystem.c(347): warning:  #167-D: argument of type "char *" is incompatible with parameter of type "euint8 *"
..\myself\src\filesystem.c:    file_fwrite(&myfile_CR,deepsizeA-STRINGLENTH,STRINGLENTH,&tempt[6]);
..\myself\src\filesystem.c:                                                             ^
..\myself\src\filesystem.c: ..\myself\src\filesystem.c: 16 warnings, 0 errors
linking...
Program Size: Code=51264 RO-data=28056 RW-data=1712 ZI-data=55048  
FromELF: creating hex file...
".\obj\lwip_gnu.axf" - 0 Error(s), 16 Warning(s).
Build target 'lwip+efsl+ds18b20'
linking...
Program Size: Code=51264 RO-data=28056 RW-data=1712 ZI-data=55048  
FromELF: creating hex file...
".\obj\lwip_gnu.axf" - 0 Error(s), 0 Warning(s).
Build target 'lwip+efsl+ds18b20'
compiling filesystem.c...
..\myself\src\filesystem.c(43): warning:  #940-D: missing return statement at end of non-void function "FindMP3"
..\myself\src\filesystem.c:   }
..\myself\src\filesystem.c:   ^
..\myself\src\filesystem.c(66): warning:  #167-D: argument of type "euint8 *" is incompatible with parameter of type "eint8 *"
..\myself\src\filesystem.c:         if (ls_openDir(&localist, &fts.myFs, filename) != 0)
..\myself\src\filesystem.c:                                              ^
..\myself\src\filesystem.c(76): warning:  #2748-D: null argument provided for parameter marked with attribute "nonnull"
..\myself\src\filesystem.c:                      memcpy(FileNameu,(void*)0,12);  
..\myself\src\filesystem.c:                                       ^
..\myself\src\filesystem.c(53): warning:  #550-D: variable "Attributeu" was set but never used
..\myself\src\filesystem.c:     euint8 Attributeu;
..\myself\src\filesystem.c:            ^
..\myself\src\filesystem.c(128): warning:  #177-D: variable "FileNameu" was declared but never referenced
..\myself\src\filesystem.c:     euint8 FileNameu[12];
..\myself\src\filesystem.c:            ^
..\myself\src\filesystem.c(129): warning:  #177-D: variable "FileSizeu" was declared but never referenced
..\myself\src\filesystem.c:     euint32 FileSizeu;
..\myself\src\filesystem.c:             ^
..\myself\src\filesystem.c(130): warning:  #177-D: variable "Attributeu" was declared but never referenced
..\myself\src\filesystem.c:     euint8 Attributeu;
..\myself\src\filesystem.c:            ^
..\myself\src\filesystem.c(172): warning:  #192-D: unrecognized character escape sequence
..\myself\src\filesystem.c:     if (file_fopen(&myfile_SD, &myefs1.myFs, "\.mp3", 'r') != 0)
..\myself\src\filesystem.c:                                               ^
..\myself\src\filesystem.c(169): warning:  #550-D: variable "datalen" was set but never used
..\myself\src\filesystem.c:      euint32 datalen;
..\myself\src\filesystem.c:              ^
..\myself\src\filesystem.c(189): warning:  #550-D: variable "datalen" was set but never used
..\myself\src\filesystem.c:             euint32 datalen;
..\myself\src\filesystem.c:                     ^
..\myself\src\filesystem.c(259): warning:  #167-D: argument of type "char *" is incompatible with parameter of type "euint8 *"
..\myself\src\filesystem.c:     datalen = file_write(&myfile_CR,size,p);
..\myself\src\filesystem.c:                                          ^
..\myself\src\filesystem.c(233): warning:  #550-D: variable "datalen" was set but never used
..\myself\src\filesystem.c:             euint32 datalen;
..\myself\src\filesystem.c:                     ^
..\myself\src\filesystem.c(310): warning:  #167-D: argument of type "char *" is incompatible with parameter of type "euint8 *"
..\myself\src\filesystem.c:                     file_fread(&myfile_CR,deepsizeA-STRINGLENTH,STRINGLENTH,filebuf);
..\myself\src\filesystem.c:                                                                             ^
..\myself\src\filesystem.c(323): warning:  #167-D: argument of type "char *" is incompatible with parameter of type "euint8 *"
..\myself\src\filesystem.c:                     file_fread(&myfile_CR,deepsizeB-STRINGLENTH,STRINGLENTH,filebuf);
..\myself\src\filesystem.c:                                                                             ^
..\myself\src\filesystem.c(331): warning:  #167-D: argument of type "char *" is incompatible with parameter of type "euint8 *"
..\myself\src\filesystem.c:    file_fwrite(&myfile_CR,deepsizeB-STRINGLENTH,STRINGLENTH,tempt);
..\myself\src\filesystem.c:                                                             ^
..\myself\src\filesystem.c(332): warning:  #167-D: argument of type "char *" is incompatible with parameter of type "euint8 *"
..\myself\src\filesystem.c:    file_fwrite(&myfile_CR,deepsizeA-STRINGLENTH,STRINGLENTH,&tempt[6]);
..\myself\src\filesystem.c:                                                             ^
..\myself\src\filesystem.c: ..\myself\src\filesystem.c: 16 warnings, 0 errors
linking...
Program Size: Code=51264 RO-data=28056 RW-data=1712 ZI-data=55048  
FromELF: creating hex file...
".\obj\lwip_gnu.axf" - 0 Error(s), 16 Warning(s).
Build target 'lwip+efsl+ds18b20'
linking...
Program Size: Code=51264 RO-data=28056 RW-data=1712 ZI-data=55048  
FromELF: creating hex file...
".\obj\lwip_gnu.axf" - 0 Error(s), 0 Warning(s).
Build target 'lwip+efsl+ds18b20'
compiling main.c...
..\myself\src\main.c(67): warning:  #223-D: function "netbios_init" declared implicitly
..\myself\src\main.c:                     netbios_init();
..\myself\src\main.c:                     ^
..\myself\src\main.c(68): warning:  #223-D: function "tftpd_init" declared implicitly
..\myself\src\main.c:                     tftpd_init();
..\myself\src\main.c:                     ^
..\myself\src\main.c(75): warning:  #223-D: function "TcpTestThread" declared implicitly
..\myself\src\main.c:                             TcpTestThread(LocalTime);
..\myself\src\main.c:                             ^
..\myself\src\main.c: ..\myself\src\main.c: 3 warnings, 0 errors
compiling DS18B20SROM.c...
..\myself\src\DS18B20SROM.c(454): warning:  #223-D: function "FS_Writehtml" declared implicitly
..\myself\src\DS18B20SROM.c:    FS_Writehtml((char*)temp,33);
..\myself\src\DS18B20SROM.c:    ^
..\myself\src\DS18B20SROM.c: ..\myself\src\DS18B20SROM.c: 1 warning, 0 errors
linking...
Program Size: Code=51264 RO-data=28056 RW-data=1712 ZI-data=55048  
FromELF: creating hex file...
".\obj\lwip_gnu.axf" - 0 Error(s), 4 Warning(s).
Build target 'lwip+efsl+ds18b20'
compiling main.c...
..\myself\src\main.c(67): warning:  #223-D: function "netbios_init" declared implicitly
..\myself\src\main.c:                     netbios_init();
..\myself\src\main.c:                     ^
..\myself\src\main.c(68): warning:  #223-D: function "tftpd_init" declared implicitly
..\myself\src\main.c:                     tftpd_init();
..\myself\src\main.c:                     ^
..\myself\src\main.c(75): warning:  #223-D: function "TcpTestThread" declared implicitly
..\myself\src\main.c:                             TcpTestThread(LocalTime);
..\myself\src\main.c:                             ^
..\myself\src\main.c: ..\myself\src\main.c: 3 warnings, 0 errors
compiling netconf.c...
..\myself\src\netconf.c(158): warning:  #223-D: function "tcp_tmr" declared implicitly
..\myself\src\netconf.c:       tcp_tmr();
..\myself\src\netconf.c:       ^
..\myself\src\netconf.c(52): warning:  #177-D: variable "IPaddress" was declared but never referenced
..\myself\src\netconf.c:   static uint32_t IPaddress = 0;
..\myself\src\netconf.c:                   ^
..\myself\src\netconf.c: ..\myself\src\netconf.c: 2 warnings, 0 errors
compiling stm32f10x_it.c...
..\myself\src\stm32f10x_it.c(155): warning:  #1295-D: Deprecated declaration Read_Eth_Packet - give arg types
..\myself\src\stm32f10x_it.c:     extern void Read_Eth_Packet(); //读取数据包大BUFF中
..\myself\src\stm32f10x_it.c:                 ^
..\myself\src\stm32f10x_it.c: ..\myself\src\stm32f10x_it.c: 1 warning, 0 errors
compiling stm32f107.c...
compiling client_tcpudp.c...
..\myself\src\client_tcpudp.c(380): warning:  #550-D: variable "dst_ip_addr" was set but never used
..\myself\src\client_tcpudp.c:                   ip_addr_t dst_ip_addr;
..\myself\src\client_tcpudp.c:                             ^
..\myself\src\client_tcpudp.c(436): warning:  #940-D: missing return statement at end of non-void function "Tcp_recv"
..\myself\src\client_tcpudp.c:   }
..\myself\src\client_tcpudp.c:   ^
..\myself\src\client_tcpudp.c: ..\myself\src\client_tcpudp.c: 2 warnings, 0 errors
compiling filesystem.c...
..\myself\src\filesystem.c(43): warning:  #940-D: missing return statement at end of non-void function "FindMP3"
..\myself\src\filesystem.c:   }
..\myself\src\filesystem.c:   ^
..\myself\src\filesystem.c(66): warning:  #167-D: argument of type "euint8 *" is incompatible with parameter of type "eint8 *"
..\myself\src\filesystem.c:         if (ls_openDir(&localist, &fts.myFs, filename) != 0)
..\myself\src\filesystem.c:                                              ^
..\myself\src\filesystem.c(76): warning:  #2748-D: null argument provided for parameter marked with attribute "nonnull"
..\myself\src\filesystem.c:                      memcpy(FileNameu,(void*)0,12);  
..\myself\src\filesystem.c:                                       ^
..\myself\src\filesystem.c(53): warning:  #550-D: variable "Attributeu" was set but never used
..\myself\src\filesystem.c:     euint8 Attributeu;
..\myself\src\filesystem.c:            ^
..\myself\src\filesystem.c(128): warning:  #177-D: variable "FileNameu" was declared but never referenced
..\myself\src\filesystem.c:     euint8 FileNameu[12];
..\myself\src\filesystem.c:            ^
..\myself\src\filesystem.c(129): warning:  #177-D: variable "FileSizeu" was declared but never referenced
..\myself\src\filesystem.c:     euint32 FileSizeu;
..\myself\src\filesystem.c:             ^
..\myself\src\filesystem.c(130): warning:  #177-D: variable "Attributeu" was declared but never referenced
..\myself\src\filesystem.c:     euint8 Attributeu;
..\myself\src\filesystem.c:            ^
..\myself\src\filesystem.c(172): warning:  #192-D: unrecognized character escape sequence
..\myself\src\filesystem.c:     if (file_fopen(&myfile_SD, &myefs1.myFs, "\.mp3", 'r') != 0)
..\myself\src\filesystem.c:                                               ^
..\myself\src\filesystem.c(169): warning:  #550-D: variable "datalen" was set but never used
..\myself\src\filesystem.c:      euint32 datalen;
..\myself\src\filesystem.c:              ^
..\myself\src\filesystem.c(189): warning:  #550-D: variable "datalen" was set but never used
..\myself\src\filesystem.c:             euint32 datalen;
..\myself\src\filesystem.c:                     ^
..\myself\src\filesystem.c(259): warning:  #167-D: argument of type "char *" is incompatible with parameter of type "euint8 *"
..\myself\src\filesystem.c:     datalen = file_write(&myfile_CR,size,p);
..\myself\src\filesystem.c:                                          ^
..\myself\src\filesystem.c(233): warning:  #550-D: variable "datalen" was set but never used
..\myself\src\filesystem.c:             euint32 datalen;
..\myself\src\filesystem.c:                     ^
..\myself\src\filesystem.c(310): warning:  #167-D: argument of type "char *" is incompatible with parameter of type "euint8 *"
..\myself\src\filesystem.c:                     file_fread(&myfile_CR,deepsizeA-STRINGLENTH,STRINGLENTH,filebuf);
..\myself\src\filesystem.c:                                                                             ^
..\myself\src\filesystem.c(323): warning:  #167-D: argument of type "char *" is incompatible with parameter of type "euint8 *"
..\myself\src\filesystem.c:                     file_fread(&myfile_CR,deepsizeB-STRINGLENTH,STRINGLENTH,filebuf);
..\myself\src\filesystem.c:                                                                             ^
..\myself\src\filesystem.c(331): warning:  #167-D: argument of type "char *" is incompatible with parameter of type "euint8 *"
..\myself\src\filesystem.c:    file_fwrite(&myfile_CR,deepsizeB-STRINGLENTH,STRINGLENTH,tempt);
..\myself\src\filesystem.c:                                                             ^
..\myself\src\filesystem.c(332): warning:  #167-D: argument of type "char *" is incompatible with parameter of type "euint8 *"
..\myself\src\filesystem.c:    file_fwrite(&myfile_CR,deepsizeA-STRINGLENTH,STRINGLENTH,&tempt[6]);
..\myself\src\filesystem.c:                                                             ^
..\myself\src\filesystem.c: ..\myself\src\filesystem.c: 16 warnings, 0 errors
compiling netbios.c...
compiling tftpserver.c...
compiling tftputils.c...
compiling DS18B20SROM.c...
..\myself\src\DS18B20SROM.c(454): warning:  #223-D: function "FS_Writehtml" declared implicitly
..\myself\src\DS18B20SROM.c:    FS_Writehtml((char*)temp,33);
..\myself\src\DS18B20SROM.c:    ^
..\myself\src\DS18B20SROM.c: ..\myself\src\DS18B20SROM.c: 1 warning, 0 errors
compiling ds18b20sech.c...
..\myself\src\ds18b20sech.c(49): warning:  #1295-D: Deprecated declaration OWFirst - give arg types
..\myself\src\ds18b20sech.c:   int  OWFirst();
..\myself\src\ds18b20sech.c:        ^
..\myself\src\ds18b20sech.c(50): warning:  #1295-D: Deprecated declaration OWNext - give arg types
..\myself\src\ds18b20sech.c:   int  OWNext();
..\myself\src\ds18b20sech.c:        ^
..\myself\src\ds18b20sech.c(51): warning:  #1295-D: Deprecated declaration OWVerify - give arg types
..\myself\src\ds18b20sech.c:   int  OWVerify();
..\myself\src\ds18b20sech.c:        ^
..\myself\src\ds18b20sech.c(53): warning:  #1295-D: Deprecated declaration OWFamilySkipSetup - give arg types
..\myself\src\ds18b20sech.c:   void OWFamilySkipSetup();
..\myself\src\ds18b20sech.c:        ^
..\myself\src\ds18b20sech.c(54): warning:  #1295-D: Deprecated declaration OWReset - give arg types
..\myself\src\ds18b20sech.c:   int  OWReset();
..\myself\src\ds18b20sech.c:        ^
..\myself\src\ds18b20sech.c(57): warning:  #1295-D: Deprecated declaration OWReadBit - give arg types
..\myself\src\ds18b20sech.c:   unsigned char OWReadBit();
..\myself\src\ds18b20sech.c:                 ^
..\myself\src\ds18b20sech.c(58): warning:  #1295-D: Deprecated declaration OWSearch - give arg types
..\myself\src\ds18b20sech.c:   int  OWSearch();
..\myself\src\ds18b20sech.c:        ^
..\myself\src\ds18b20sech.c(401): warning:  #1-D: last line of file ends without a newline
..\myself\src\ds18b20sech.c:    }
..\myself\src\ds18b20sech.c:     ^
..\myself\src\ds18b20sech.c: ..\myself\src\ds18b20sech.c: 8 warnings, 0 errors
compiling misc.c...
compiling stm32f10x_adc.c...
compiling stm32f10x_bkp.c...
compiling stm32f10x_can.c...
compiling stm32f10x_crc.c...
compiling stm32f10x_dac.c...
compiling stm32f10x_dbgmcu.c...
compiling stm32f10x_dma.c...
compiling stm32f10x_exti.c...
compiling stm32f10x_flash.c...
compiling stm32f10x_fsmc.c...
compiling stm32f10x_gpio.c...
compiling stm32f10x_i2c.c...
compiling stm32f10x_iwdg.c...
compiling stm32f10x_pwr.c...
compiling stm32f10x_rcc.c...
compiling stm32f10x_rtc.c...
compiling stm32f10x_sdio.c...
compiling stm32f10x_spi.c...
compiling stm32f10x_tim.c...
compiling stm32f10x_usart.c...
compiling stm32f10x_wwdg.c...
compiling stm32_eth.c...
compiling def.c...
compiling dhcp.c...
compiling dns.c...
compiling init.c...
compiling mem.c...
compiling memp.c...
compiling netif.c...
compiling pbuf.c...
compiling raw.c...
compiling stats.c...
compiling sys.c...
compiling tcp.c...
..\GNU源码\lwip-1.4.1\src\core\tcp.c(1060): warning:  #174-D: expression has no effect
..\GNU源码\lwip-1.4.1\src\core\tcp.c:                      pcb->last_timer == tcp_timer_ctr     ;
..\GNU源码\lwip-1.4.1\src\core\tcp.c:                      ^
..\GNU源码\lwip-1.4.1\src\core\tcp.c(1295): warning:  #117-D: non-void function "tcp_alloc" should return a value
..\GNU源码\lwip-1.4.1\src\core\tcp.c:                           return;
..\GNU源码\lwip-1.4.1\src\core\tcp.c:                                 ^
..\GNU源码\lwip-1.4.1\src\core\tcp.c: ..\GNU源码\lwip-1.4.1\src\core\tcp.c: 2 warnings, 0 errors
compiling tcp_in.c...
compiling tcp_out.c...
compiling udp.c...
compiling autoip.c...
compiling icmp.c...
compiling igmp.c...
compiling inet.c...
compiling inet_chksum.c...
compiling ip.c...
compiling ip_addr.c...
compiling ip_frag.c...
compiling timers.c...
compiling api_lib.c...
compiling err.c...
compiling tcpip.c...
compiling netifapi.c...
compiling netdb.c...
compiling netbuf.c...
compiling etharp.c...
compiling ethernetif.c...
..\GNU源码\lwip-1.4.1\archport\port\ethernetif.c(294): warning:  #550-D: variable "fd" was set but never used
..\GNU源码\lwip-1.4.1\archport\port\ethernetif.c:         FrameTypeDef fd;
..\GNU源码\lwip-1.4.1\archport\port\ethernetif.c:                      ^
..\GNU源码\lwip-1.4.1\archport\port\ethernetif.c(494): warning:  #223-D: function "Ethernet_Configuration" declared implicitly
..\GNU源码\lwip-1.4.1\archport\port\ethernetif.c:        Ethernet_Configuration();
..\GNU源码\lwip-1.4.1\archport\port\ethernetif.c:        ^
..\GNU源码\lwip-1.4.1\archport\port\ethernetif.c: ..\GNU源码\lwip-1.4.1\archport\port\ethernetif.c: 2 warnings, 0 errors
compiling core_cm3.c...
compiling system_stm32f10x.c...
assembling startup_stm32f10x_cl.s...
compiling dir.c...
..\efsl\source\dir.c(245): warning:  #1293-D: assignment in condition
..\efsl\source\dir.c:                   if((fclus=dir_findinBuf(buf,fatname,loc,mode))){
..\efsl\source\dir.c:                      ^
..\efsl\source\dir.c(274): warning:  #1293-D: assignment in condition
..\efsl\source\dir.c:                   if((cluster=dir_findinCluster(fs,Cache.DiscCluster,fatname,loc,mode))){
..\efsl\source\dir.c:                      ^
..\efsl\source\dir.c(296): warning:  #1293-D: assignment in condition
..\efsl\source\dir.c:                   if((fclus=dir_findinBuf(buf,fatname,loc,mode))){
..\efsl\source\dir.c:                      ^
..\efsl\source\dir.c(322): warning:  #1293-D: assignment in condition
..\efsl\source\dir.c:           while((next=file_normalToFatName(next,ffnamec))){
..\efsl\source\dir.c:                 ^
..\efsl\source\dir.c: ..\efsl\source\dir.c: 4 warnings, 0 errors
compiling disc.c...
compiling efs.c...
compiling extract.c...
compiling fat.c...
compiling file.c...
compiling fs.c...
compiling ioman.c...
compiling ls.c...
compiling mkfs.c...
compiling partition.c...
compiling plibc.c...
compiling time.c...
compiling ui.c...
compiling sd.c...
..\efsl\source\interface\sd.c(221): warning:  #940-D: missing return statement at end of non-void function "sd_Init"
..\efsl\source\interface\sd.c:   }
..\efsl\source\interface\sd.c:   ^
..\efsl\source\interface\sd.c(285): warning:  #175-D: subscript out of range
..\efsl\source\interface\sd.c:                  cmd_buffercrc[4]= (euint8) (paramy);
..\efsl\source\interface\sd.c:                  ^
..\efsl\source\interface\sd.c(543): warning:  #187-D: use of "=" where "==" may have been intended
..\efsl\source\interface\sd.c:            if(SDcard = MSD_CARD_TYPE_SD_SDHC)
..\efsl\source\interface\sd.c:               ^
..\efsl\source\interface\sd.c(517): warning:  #177-D: variable "SPI_InitStructure" was declared but never referenced
..\efsl\source\interface\sd.c:   {        SPI_InitTypeDef   SPI_InitStructure;
..\efsl\source\interface\sd.c:                              ^
..\efsl\source\interface\sd.c(523): warning:  #177-D: variable "card_capacity" was declared but never referenced
..\efsl\source\interface\sd.c:        euint32 card_capacity;
..\efsl\source\interface\sd.c:                ^
..\efsl\source\interface\sd.c(525): warning:  #177-D: variable "tmp16" was declared but never referenced
..\efsl\source\interface\sd.c:        euint16 tmp16;
..\efsl\source\interface\sd.c:                ^
..\efsl\source\interface\sd.c(630): warning:  #111-D: statement is unreachable
..\efsl\source\interface\sd.c:       if(max_hz >= 72000000/2 && 72000000/2 <= 18000000)
..\efsl\source\interface\sd.c:       ^
..\efsl\source\interface\sd.c(701): warning:  #940-D: missing return statement at end of non-void function "sdhc_readSector"
..\efsl\source\interface\sd.c:   }
..\efsl\source\interface\sd.c:   ^
..\efsl\source\interface\sd.c(706): warning:  #940-D: missing return statement at end of non-void function "sdhc_writeSector"
..\efsl\source\interface\sd.c:   }
..\efsl\source\interface\sd.c:   ^
..\efsl\source\interface\sd.c(702): warning:  #177-D: function "sdhc_writeSector" was declared but never referenced
..\efsl\source\interface\sd.c:   static esint8 sdhc_writeSector(hwInterface *iface,euint32 address, euint8* buf)
..\efsl\source\interface\sd.c:                 ^
..\efsl\source\interface\sd.c(292): warning: C3488E: write to variable 'cmd_buffercrc' with offset out of bounds
..\efsl\source\interface\sd.c: }
..\efsl\source\interface\sd.c: ^
..\efsl\source\interface\sd.c: ..\efsl\source\interface\sd.c: 11 warnings, 0 errors
compiling sd_stm32.c...
compiling fsdata.c...
compiling httpd.c...
..\httpserver_raw\src\httpd.c(2194): warning:  #177-D: variable "loop" was declared but never referenced
..\httpserver_raw\src\httpd.c:     size_t loop;
..\httpserver_raw\src\httpd.c:            ^
..\httpserver_raw\src\httpd.c: ..\httpserver_raw\src\httpd.c: 1 warning, 0 errors
compiling fs_lwip.c...
..\httpserver_raw\src\fs_lwip.c(41): warning:  #177-D: variable "dummy_align__img_sics_gif" was declared but never referenced
..\httpserver_raw\src\fs_lwip.c:   static const unsigned int dummy_align__img_sics_gif = 0;
..\httpserver_raw\src\fs_lwip.c:                             ^
..\httpserver_raw\src\fs_lwip.c(110): warning:  #177-D: variable "dummy_align__404_html" was declared but never referenced
..\httpserver_raw\src\fs_lwip.c:   static const unsigned int dummy_align__404_html = 1;
..\httpserver_raw\src\fs_lwip.c:                             ^
..\httpserver_raw\src\fs_lwip.c(169): warning:  #177-D: variable "dummy_align__index_html" was declared but never referenced
..\httpserver_raw\src\fs_lwip.c:   static const unsigned int dummy_align__index_html = 2;
..\httpserver_raw\src\fs_lwip.c:                             ^
..\httpserver_raw\src\fs_lwip.c: ..\httpserver_raw\src\fs_lwip.c: 3 warnings, 0 errors
linking...
Program Size: Code=51264 RO-data=28056 RW-data=1712 ZI-data=55048  
FromELF: creating hex file...
".\obj\lwip_gnu.axf" - 0 Error(s), 56 Warning(s).
Build target 'lwip+efsl+ds18b20'
linking...
Program Size: Code=51264 RO-data=28056 RW-data=1712 ZI-data=55048  
FromELF: creating hex file...
".\obj\lwip_gnu.axf" - 0 Error(s), 0 Warning(s).
Build target 'lwip+efsl+ds18b20'
linking...
Program Size: Code=51264 RO-data=28056 RW-data=1712 ZI-data=55048  
FromELF: creating hex file...
".\obj\lwip_gnu.axf" - 0 Error(s), 0 Warning(s).
